Microchip Technology Inc, v1.25 (A)

Tool Name:
  c:\program files (x86)\microchip\xc16\v1.25\bin\bin\..\bin/elf-ld.exe

Command:
  -p33EP128MC202 \
  -o \
  dist/default/production/Project.production.elf \
  -Lc:/program files (x86)/microchip/xc16/v1.25/bin/bin/.. \
  -Lc:/program files (x86)/microchip/xc16/v1.25/bin/bin/../../lib \
  -Lc:/program files (x86)/microchip/xc16/v1.25/bin/bin/../../support/PIC24E/gld \
  -Lc:/program files (x86)/microchip/xc16/v1.25/bin/bin/../../support/PIC24F/gld \
  -Lc:/program files (x86)/microchip/xc16/v1.25/bin/bin/../../support/PIC24H/gld \
  -Lc:/program files (x86)/microchip/xc16/v1.25/bin/bin/../../support/dsPIC30F/gld \
  -Lc:/program files (x86)/microchip/xc16/v1.25/bin/bin/../../support/dsPIC33E/gld \
  -Lc:/program files (x86)/microchip/xc16/v1.25/bin/bin/../../support/dsPIC33F/gld \
  build/default/production/_ext/907789942/KalmanFree.o \
  build/default/production/_ext/907789942/CtrlJump.o \
  build/default/production/_ext/907789942/CtrlEquilibrium.o \
  build/default/production/_ext/907789942/Trajectory.o \
  build/default/production/_ext/907789942/CtrlFall.o \
  build/default/production/_ext/494984951/ADXL345.o \
  build/default/production/_ext/494984951/ISZ2510.o \
  build/default/production/_ext/906585600/Battery.o \
  build/default/production/_ext/906585600/Motor.o \
  build/default/production/_ext/265448488/TaskUartTx.o \
  build/default/production/_ext/265448488/TaskUartRx.o \
  build/default/production/_ext/265448488/TaskLED.o \
  build/default/production/_ext/265448488/TaskMain.o \
  build/default/production/_ext/265448488/Controller.o \
  build/default/production/_ext/265861749/Matrix.o \
  build/default/production/_ext/265861749/Message.o \
  build/default/production/_ext/265861749/FastTrigo.o \
  build/default/production/_ext/265861749/PRNG.o \
  build/default/production/_ext/2037729719/Main.o \
  build/default/production/_ext/2037729719/BSP.o \
  build/default/production/_ext/2037729719/Global.o \
  build/default/production/_ext/2037729719/Config.o \
  build/default/production/_ext/2037729719/Pendulum.o \
  ..\Lib\libNanoScaleDrivers-33EP128MC202-elf.a \
  ..\Lib\libNanoScale-DEBUG-DEMO-dsPIC33E-elf.a \
  --local-stack \
  --defsym=__MPLAB_BUILD=1 \
  -Tp33EP128MC202.gld.00 \
  --stack=16 \
  --check-sections \
  --data-init \
  --pack-data \
  --handles \
  --isr \
  --no-gc-sections \
  --fill-upper=0 \
  --stackguard=16 \
  --no-force-link \
  --smart-io \
  -Map=dist/default/production/Project.production.map \
  --report-mem \
  --memorysummary \
  dist/default/production/memoryfile.xml \
  -start-group \
  --library=pic30-elf \
  --library=m-elf \
  --library=c-elf \
  -end-group \

Archive member included because of file (symbol)

..\Lib\libNanoScaleDrivers-33EP128MC202-elf.a(DrvUart_PIC16.o)
                              build/default/production/_ext/2037729719/BSP.o (_UartPIC16_OpenDriver)
..\Lib\libNanoScaleDrivers-33EP128MC202-elf.a(DrvSpi_PIC16.o)
                              build/default/production/_ext/2037729719/BSP.o (_SpiPIC16_OpenDriver)
..\Lib\libNanoScale-DEBUG-DEMO-dsPIC33E-elf.a(SysEvent.o)
                              build/default/production/_ext/265448488/TaskUartTx.o (_CreateEvent)
..\Lib\libNanoScale-DEBUG-DEMO-dsPIC33E-elf.a(SysKer.o)
                              build/default/production/_ext/265448488/TaskUartRx.o (_GetKernelVersion)
..\Lib\libNanoScale-DEBUG-DEMO-dsPIC33E-elf.a(SysMm.o)
                              build/default/production/_ext/265448488/TaskUartRx.o (_HeapGetStaticUsage)
..\Lib\libNanoScale-DEBUG-DEMO-dsPIC33E-elf.a(SysMq.o)
                              build/default/production/_ext/265448488/TaskUartTx.o (_CreateMq)
..\Lib\libNanoScale-DEBUG-DEMO-dsPIC33E-elf.a(SysTimer.o)
                              build/default/production/_ext/265448488/Controller.o (_CreateTimer)
..\Lib\libNanoScale-DEBUG-DEMO-dsPIC33E-elf.a(SysTm.o)
                              build/default/production/_ext/2037729719/Main.o (_CreateTask)
..\Lib\libNanoScale-DEBUG-DEMO-dsPIC33E-elf.a(SysPower.o)
                              build/default/production/_ext/2037729719/BSP.o (_SetPowerSavingMode)
..\Lib\libNanoScale-DEBUG-DEMO-dsPIC33E-elf.a(Event.o)
                              ..\Lib\libNanoScale-DEBUG-DEMO-dsPIC33E-elf.a(SysEvent.o) (_jjjjjjjiiijiiiji)
..\Lib\libNanoScale-DEBUG-DEMO-dsPIC33E-elf.a(MQ.o)
                              ..\Lib\libNanoScale-DEBUG-DEMO-dsPIC33E-elf.a(SysMq.o) (_jjjijiijijjjiiji)
..\Lib\libNanoScale-DEBUG-DEMO-dsPIC33E-elf.a(Pipe.o)
                              ..\Lib\libNanoScaleDrivers-33EP128MC202-elf.a(DrvUart_PIC16.o) (_jjijjjjiiijjjjii)
..\Lib\libNanoScale-DEBUG-DEMO-dsPIC33E-elf.a(Fiber.o)
                              ..\Lib\libNanoScale-DEBUG-DEMO-dsPIC33E-elf.a(SysKer.o) (_iiiiijjjjijiijji)
..\Lib\libNanoScale-DEBUG-DEMO-dsPIC33E-elf.a(Kernel.o)
                              ..\Lib\libNanoScale-DEBUG-DEMO-dsPIC33E-elf.a(SysKer.o) (_jijjjjiijjijjiji)
[...]
Memory Configuration

Name             Origin             Length             Attributes
data             0x001000           0x004000           a !xr
reset            0x000000           0x000004  
ivt              0x000004           0x0001fc  
program          0x000200           0x0155ec           xr
FICD             0x0157f0           0x000002  
FPOR             0x0157f2           0x000002  
FWDT             0x0157f4           0x000002  
FOSC             0x0157f6           0x000002  
FOSCSEL          0x0157f8           0x000002  
FGS              0x0157fa           0x000002  
FUID0            0x800ff8           0x000002  
FUID1            0x800ffa           0x000002  
FUID2            0x800ffc           0x000002  
FUID3            0x800ffe           0x000002  
*default*        0x000000           0xffffffff  

Linker script and memory map

LOAD build/default/production/_ext/907789942/KalmanFree.o
LOAD build/default/production/_ext/907789942/CtrlJump.o
LOAD build/default/production/_ext/907789942/CtrlEquilibrium.o
LOAD build/default/production/_ext/907789942/Trajectory.o
LOAD build/default/production/_ext/907789942/CtrlFall.o
LOAD build/default/production/_ext/494984951/ADXL345.o
LOAD build/default/production/_ext/494984951/ISZ2510.o
LOAD build/default/production/_ext/906585600/Battery.o
LOAD build/default/production/_ext/906585600/Motor.o
LOAD build/default/production/_ext/265448488/TaskUartTx.o
LOAD build/default/production/_ext/265448488/TaskUartRx.o
LOAD build/default/production/_ext/265448488/TaskLED.o
LOAD build/default/production/_ext/265448488/TaskMain.o
LOAD build/default/production/_ext/265448488/Controller.o
LOAD build/default/production/_ext/265861749/Matrix.o
LOAD build/default/production/_ext/265861749/Message.o
LOAD build/default/production/_ext/265861749/FastTrigo.o
LOAD build/default/production/_ext/265861749/PRNG.o
LOAD build/default/production/_ext/2037729719/Main.o
LOAD build/default/production/_ext/2037729719/BSP.o
LOAD build/default/production/_ext/2037729719/Global.o
LOAD build/default/production/_ext/2037729719/Config.o
LOAD build/default/production/_ext/2037729719/Pendulum.o
LOAD ..\Lib\libNanoScaleDrivers-33EP128MC202-elf.a
LOAD ..\Lib\libNanoScale-DEBUG-DEMO-dsPIC33E-elf.a
                    0x0001                  __MPLAB_BUILD = 0x1
LOAD p33EP128MC202
LOAD c:/program files (x86)/microchip/xc16/v1.25/bin/bin/../../lib\libfx-elf.a
                    0x157f0                  __FICD = 0x157f0
                    0x157f2                  __FPOR = 0x157f2
                    0x157f4                  __FWDT = 0x157f4
                    0x157f6                  __FOSC = 0x157f6
                    0x157f8                  __FOSCSEL = 0x157f8
                    0x157fa                  __FGS = 0x157fa
                    0x800ff8                  __FUID0 = 0x800ff8
                    0x800ffa                  __FUID1 = 0x800ffa
                    0x800ffc                  __FUID2 = 0x800ffc
                    0x800ffe                  __FUID3 = 0x800ffe
                    0x0200                  __CODE_BASE = 0x200
                    0x155ec                  __CODE_LENGTH = 0x155ec
                    0x0004                  __IVT_BASE = 0x4
                    0x1000                  __DATA_BASE = 0x1000
                    0x4000                  __DATA_LENGTH = 0x4000
                    0x3000                  __YDATA_BASE = 0x3000

.reset            0x000000          0x4
                  0x000000          0x2 SHORT 0x200 ABSOLUTE (__reset)
                  0x000001          0x2 SHORT 0x4
                  0x000002          0x2 SHORT 0x0 ((ABSOLUTE (__reset) >> 0x10) & 0x7f)
                  0x000003          0x2 SHORT 0x0

.text             0x000200       0x143c
 *(.init)
 .init            0x000200         0x38 c:/program files (x86)/microchip/xc16/v1.25/bin/bin/../../lib\libpic30-elf.a(crt0_extendedep.o)
                  0x000200                  __resetPRI
                  0x000200                  __reset
                  0x00022c                  __psv_init
 .init            0x000238         0x9a c:/program files (x86)/microchip/xc16/v1.25/bin/bin/../../lib\libpic30-elf.a(data_init_extendedep.o)
                  0x000238                  __data_init
                  0x000238                  __data_init_extended
 *(.user_init)
 *(.handle)
 .handle          0x0002d2         0x98 jump_table
 *(.isr*)
 .isr.text        0x00036a        0x872 build/default/production/_ext/2037729719/BSP.o
                  0x00036a                  __OscillatorFail
                  0x000370                  __AddressError
                  0x000376                  __MathError
                  0x00037c                  __DefaultInterrupt
                  0x000380                  __CNInterrupt
                  0x0003aa                  __INT1Interrupt
                  0x0003cc                  __T1Interrupt
                  0x0003e2                  __INT2Interrupt
                  0x0004a8                  _BSP_Init
                  0x0004ee                  _BSP_BLDCSetEnable
                  0x000510                  _BSP_BLDCSetBrake
                  0x000532                  _BSP_BLDCSetForward
                  0x000556                  _BSP_BLDCSetForwardDuty
                  0x00058e                  _BSP_BLDCSetRef
                  0x0005b8                  _BSP_BLDCGetSpeed
                  0x0005d6                  _BSP_LEDSetRed
                  0x0005f6                  _BSP_LEDSetGreen
                  0x000618                  _BSP_LEDSetYellow
                  0x00063a                  _BSP_BatGetVoltage
                  0x000668                  _BSP_GetClockRate
                  0x000672                  _BSP_WriteEeprom
                  0x0006ea                  _BSP_ReadEeprom
                  0x000710                  build/default/production/_ext/2037729719/BSP.o:_ErrorCallback
                  0x0008ee                  build/default/production/_ext/2037729719/BSP.o:_CS_ADXL345
                  0x000910                  build/default/production/_ext/2037729719/BSP.o:_CS_ISZ2510
 .isr.nano_drv_text
                  0x000bdc         0x80 ..\Lib\libNanoScaleDrivers-33EP128MC202-elf.a(DrvUart_PIC16.o)
                  0x000bdc                  __U1TXInterrupt
                  0x000bfc                  __U2TXInterrupt
                  0x000c1c                  __U1RXInterrupt
                  0x000c3c                  __U2RXInterrupt
 .isr.nano_drv_text
                  0x000c5c         0xbe ..\Lib\libNanoScaleDrivers-33EP128MC202-elf.a(DrvSpi_PIC16.o)
                  0x000c5c                  __SPI1Interrupt
                  0x000c92                  __SPI2Interrupt
                  0x000cc8                  __SPI1ErrInterrupt
                  0x000cf4                  __SPI2ErrInterrupt
 .isr.nano_text
                  0x000d1a         0xea ..\Lib\libNanoScale-DEBUG-DEMO-dsPIC33E-elf.a(System_dsPIC.o)
                  0x000da8                  __T3Interrupt
 *(.libc)
 *(.libm)
 *(.libdsp)
 *(.lib*)
 .libc.flash_helper123456
                  0x000e04         0x86 c:/program files (x86)/microchip/xc16/v1.25/bin/bin/../../lib\libpic30-elf.a(flash_helperep.eo)
                  0x000e04                  __flash_helper1
                  0x000e20                  __flash_helper2
                  0x000e24                  __flash_helper3
                  0x000e52                  __flash_helper4
                  0x000e54                  __flash_helper5
                  0x000e66                  __flash_helper6
                  0x000e6c                  __flash_helper10
                  0x000e70                  __flash_helper11
 .libc.memcpy_helper
                  0x000e8a         0x36 c:/program files (x86)/microchip/xc16/v1.25/bin/bin/../../lib\libpic30-elf.a(memcpy_helperep.eo)
                  0x000e8a                  __memcpy_helper
 .libm.subsf3     0x000ec0         0xbc c:/program files (x86)/microchip/xc16/v1.25/bin/bin/../../lib\libm-elf.a(addsf3.epeo)
                  0x000ec0                  ___subsf3
                  0x000ec2                  ___addsf3
 .libm.divfs3     0x000f7c         0x84 c:/program files (x86)/microchip/xc16/v1.25/bin/bin/../../lib\libm-elf.a(divsf3.epeo)
                  0x000f7c                  ___divsf3
 .libm.divsi3     0x001000         0x1e c:/program files (x86)/microchip/xc16/v1.25/bin/bin/../../lib\libm-elf.a(divsi3.epeo)
                  0x001000                  ___divsi3
 .libm.eqsf2      0x00101e          0x4 c:/program files (x86)/microchip/xc16/v1.25/bin/bin/../../lib\libm-elf.a(feqltle.epeo)
                  0x00101e                  ___eqsf2
                  0x00101e                  ___ltsf2
                  0x00101e                  ___lesf2
 .libm.gtsf2      0x001022          0x4 c:/program files (x86)/microchip/xc16/v1.25/bin/bin/../../lib\libm-elf.a(fgtge.epeo)
                  0x001022                  ___gesf2
                  0x001022                  ___gtsf2
 .libm.fixsfsi    0x001026         0x42 c:/program files (x86)/microchip/xc16/v1.25/bin/bin/../../lib\libm-elf.a(fixsfsi.epeo)
                  0x001026                  _(float, int, long long, short, float, short, int)
 .libm.fixunssfsi
                  0x001068         0x36 c:/program files (x86)/microchip/xc16/v1.25/bin/bin/../../lib\libm-elf.a(fixunssfsi.epeo)
                  0x001068                  ___fixunssfsi
 .libm.floatsisf
                  0x00109e          0x6 c:/program files (x86)/microchip/xc16/v1.25/bin/bin/../../lib\libm-elf.a(floatsisf.epeo)
                  0x00109e                  ___floatsisf
 .libm.floatunsisf
                  0x0010a4          0x4 c:/program files (x86)/microchip/xc16/v1.25/bin/bin/../../lib\libm-elf.a(floatunsisf.epeo)
                  0x0010a4                  ___floatunsisf
 .libm.fpack      0x0010a8         0x4c c:/program files (x86)/microchip/xc16/v1.25/bin/bin/../../lib\libm-elf.a(fpack.epeo)
                  0x0010a8                  __fpack
 .libm.frexpf     0x0010f4          0x6 c:/program files (x86)/microchip/xc16/v1.25/bin/bin/../../lib\libm-elf.a(frexpf.epeo)
                  0x0010f4                  _frexpf
 .libm.funpack    0x0010fa         0x2a c:/program files (x86)/microchip/xc16/v1.25/bin/bin/../../lib\libm-elf.a(funpack.epeo)
                  0x0010fa                  __funpack
 .libm.funpack2
                  0x001124         0x10 c:/program files (x86)/microchip/xc16/v1.25/bin/bin/../../lib\libm-elf.a(funpack2.epeo)
                  0x001124                  __funpack2
 .libm.fPropagateNaN
                  0x001134         0x12 c:/program files (x86)/microchip/xc16/v1.25/bin/bin/../../lib\libm-elf.a(futil.epeo)
                  0x001134                  __fPropagateNaN
 .libm.fbobExit
                  0x001146          0x8 c:/program files (x86)/microchip/xc16/v1.25/bin/bin/../../lib\libm-elf.a(futil.epeo)
                  0x001146                  __fbopExit
 .libm.fbopReturnNaN
                  0x00114e          0x6 c:/program files (x86)/microchip/xc16/v1.25/bin/bin/../../lib\libm-elf.a(futil.epeo)
                  0x00114e                  __fbopReturnNaN
 .libm.ldexpf     0x001154         0x44 c:/program files (x86)/microchip/xc16/v1.25/bin/bin/../../lib\libm-elf.a(ldexpf.epeo)
                  0x001154                  _ldexpf
 .libm.mulsf3     0x001198         0x68 c:/program files (x86)/microchip/xc16/v1.25/bin/bin/../../lib\libm-elf.a(mulsf3.epeo)
                  0x001198                  ___mulsf3
 .libm.udivsi3    0x001200         0x20 c:/program files (x86)/microchip/xc16/v1.25/bin/bin/../../lib\libm-elf.a(udivsi3.epeo)
                  0x001200                  ___udivsi3
 .libm.umodsi3    0x001220          0x6 c:/program files (x86)/microchip/xc16/v1.25/bin/bin/../../lib\libm-elf.a(umodsi3.epeo)
                  0x001220                  ___umodsi3
 .libm.mulsi3     0x001226          0xc c:/program files (x86)/microchip/xc16/v1.25/bin/bin/../../lib\libm-elf.a(mulsi3.epeo)
                  0x001226                  ___mulp32peds3
                  0x001226                  ___mulsi3
                  0x001226                  ___mulp32eds3
 .libm.__PplusBdi
                  0x001232         0x26 c:/program files (x86)/microchip/xc16/v1.25/bin/bin/../../lib\libm-elf.a(divmoddi3.epeo)
 .libm.__PminusBdi
                  0x001258         0x26 c:/program files (x86)/microchip/xc16/v1.25/bin/bin/../../lib\libm-elf.a(divmoddi3.epeo)
 .libm.__udivmoddi3
                  0x00127e         0xe6 c:/program files (x86)/microchip/xc16/v1.25/bin/bin/../../lib\libm-elf.a(divmoddi3.epeo)
                  0x00127e                  ___udivmoddi3
 .libm.__udivdi3
                  0x001364          0xe c:/program files (x86)/microchip/xc16/v1.25/bin/bin/../../lib\libm-elf.a(divmoddi3.epeo)
                  0x001364                  ___udivdi3
 .libm.__umoddi3
                  0x001372          0x8 c:/program files (x86)/microchip/xc16/v1.25/bin/bin/../../lib\libm-elf.a(divmoddi3.epeo)
                  0x001372                  ___umoddi3
 .libm.__divdi3
                  0x00137a         0x60 c:/program files (x86)/microchip/xc16/v1.25/bin/bin/../../lib\libm-elf.a(divmoddi3.epeo)
                  0x00137a                  ___divdi3
 .libm.__moddi3
                  0x0013da         0x5c c:/program files (x86)/microchip/xc16/v1.25/bin/bin/../../lib\libm-elf.a(divmoddi3.epeo)
                  0x0013da                  ___moddi3
 .libm.__muldi3
                  0x001436         0x52 c:/program files (x86)/microchip/xc16/v1.25/bin/bin/../../lib\libm-elf.a(muldi3.epeo)
                  0x001436                  ___muldi3
 .libm.frexpf     0x001488         0x1a c:/program files (x86)/microchip/xc16/v1.25/bin/bin/../../lib\libm-elf.a(_frexpf.epeo)
                  0x001488                  __frexpf
 .libm.fcompare
                  0x0014a2         0x36 c:/program files (x86)/microchip/xc16/v1.25/bin/bin/../../lib\libm-elf.a(fcompare.epeo)
                  0x0014a2                  __fcompare
 .libm.floatdisf
                  0x0014d8         0x20 c:/program files (x86)/microchip/xc16/v1.25/bin/bin/../../lib\libm-elf.a(floatdisf.epeo)
                  0x0014d8                  ___floatdisf
 .libm.floatundisf
                  0x0014f8         0x5e c:/program files (x86)/microchip/xc16/v1.25/bin/bin/../../lib\libm-elf.a(floatundisf.epeo)
                  0x0014f8                  ___floatundisf
 .libm.umuldi3    0x001556         0x44 c:/program files (x86)/microchip/xc16/v1.25/bin/bin/../../lib\libm-elf.a(umuldi3.epeo)
                  0x001556                  ___umuldi3
 .libc.ultoa      0x00159a         0x4c c:/program files (x86)/microchip/xc16/v1.25/bin/bin/../../lib\libc-elf.a(ltoa.epeo)
                  0x00159a                  _ultoa
 .libc.ltoa       0x0015e6         0x20 c:/program files (x86)/microchip/xc16/v1.25/bin/bin/../../lib\libc-elf.a(ltoa.epeo)
                  0x0015e6                  _ltoa
 .libc.memcpy     0x001606          0xe c:/program files (x86)/microchip/xc16/v1.25/bin/bin/../../lib\libc-elf.a(memcpy.epeo)
                  0x001606                  _memcpy
 .libc.memset     0x001614          0xe c:/program files (x86)/microchip/xc16/v1.25/bin/bin/../../lib\libc-elf.a(memset.epeo)
                  0x001614                  _memset
 .libc.strcmp     0x001622          0xe c:/program files (x86)/microchip/xc16/v1.25/bin/bin/../../lib\libc-elf.a(strcmp.epeo)
                  0x001622                  _strcmp
 .libc.strlen     0x001630          0xc c:/program files (x86)/microchip/xc16/v1.25/bin/bin/../../lib\libc-elf.a(strlen.epeo)
                  0x001630                  _strlen

usercode
 *(usercode)

__FICD
 *(__FICD.sec*)

__FPOR
 *(__FPOR.sec*)

__FWDT
 *(__FWDT.sec*)

__FOSC
 *(__FOSC.sec*)

__FOSCSEL
 *(__FOSCSEL.sec*)

__FGS
 *(__FGS.sec*)

__FUID0
 *(__FUID0.sec*)

__FUID1
 *(__FUID1.sec*)

__FUID2
 *(__FUID2.sec*)

__FUID3
 *(__FUID3.sec*)

.comment
 *(.comment)

.debug_info       0x000000       0xd317
 *(.debug_info)
 .debug_info      0x000000        0x6b7 build/default/production/_ext/907789942/KalmanFree.o
 .debug_info      0x0006b7        0x547 build/default/production/_ext/907789942/CtrlJump.o
 .debug_info      0x000bfe        0x61b build/default/production/_ext/907789942/CtrlEquilibrium.o
 .debug_info      0x001219        0x68f build/default/production/_ext/907789942/Trajectory.o
 .debug_info      0x0018a8        0x4f9 build/default/production/_ext/907789942/CtrlFall.o
 .debug_info      0x001da1        0xb85 build/default/production/_ext/494984951/ADXL345.o
 .debug_info      0x002926        0xc22 build/default/production/_ext/494984951/ISZ2510.o
 .debug_info      0x003548        0x36d build/default/production/_ext/906585600/Battery.o
 .debug_info      0x0038b5        0x878 build/default/production/_ext/906585600/Motor.o
 .debug_info      0x00412d        0x436 build/default/production/_ext/265448488/TaskUartTx.o
 .debug_info      0x004563        0x738 build/default/production/_ext/265448488/TaskUartRx.o
 .debug_info      0x004c9b        0x4ea build/default/production/_ext/265448488/TaskLED.o
 .debug_info      0x005185        0xaf3 build/default/production/_ext/265448488/TaskMain.o
 .debug_info      0x005c78        0xc52 build/default/production/_ext/265448488/Controller.o
 .debug_info      0x0068ca        0x715 build/default/production/_ext/265861749/Matrix.o
 .debug_info      0x006fdf        0x638 build/default/production/_ext/265861749/Message.o
 .debug_info      0x007617        0x329 build/default/production/_ext/265861749/FastTrigo.o
 .debug_info      0x007940        0x2eb build/default/production/_ext/265861749/PRNG.o
 .debug_info      0x007c2b        0x374 build/default/production/_ext/2037729719/Main.o
 .debug_info      0x007f9f       0x497d build/default/production/_ext/2037729719/BSP.o
 .debug_info      0x00c91c        0x223 build/default/production/_ext/2037729719/Global.o
 .debug_info      0x00cb3f        0x4c0 build/default/production/_ext/2037729719/Config.o
 .debug_info      0x00cfff        0x318 build/default/production/_ext/2037729719/Pendulum.o
 *(.gnu.linkonce.wi.*)

.debug_abbrev     0x000000       0x1806
 *(.debug_abbrev)
 .debug_abbrev    0x000000         0xd5 build/default/production/_ext/907789942/KalmanFree.o
 .debug_abbrev    0x0000d5         0xdb build/default/production/_ext/907789942/CtrlJump.o
 .debug_abbrev    0x0001b0         0xea build/default/production/_ext/907789942/CtrlEquilibrium.o
 .debug_abbrev    0x00029a        0x115 build/default/production/_ext/907789942/Trajectory.o
 .debug_abbrev    0x0003af         0xa2 build/default/production/_ext/907789942/CtrlFall.o
 .debug_abbrev    0x000451        0x1ad build/default/production/_ext/494984951/ADXL345.o
 .debug_abbrev    0x0005fe        0x1c3 build/default/production/_ext/494984951/ISZ2510.o
 .debug_abbrev    0x0007c1         0xa6 build/default/production/_ext/906585600/Battery.o
 .debug_abbrev    0x000867        0x155 build/default/production/_ext/906585600/Motor.o
 .debug_abbrev    0x0009bc         0xfe build/default/production/_ext/265448488/TaskUartTx.o
 .debug_abbrev    0x000aba        0x15b build/default/production/_ext/265448488/TaskUartRx.o
 .debug_abbrev    0x000c15         0xf6 build/default/production/_ext/265448488/TaskLED.o
 .debug_abbrev    0x000d0b        0x145 build/default/production/_ext/265448488/TaskMain.o
 .debug_abbrev    0x000e50        0x1ab build/default/production/_ext/265448488/Controller.o
 .debug_abbrev    0x000ffb        0x11c build/default/production/_ext/265861749/Matrix.o
 .debug_abbrev    0x001117        0x10d build/default/production/_ext/265861749/Message.o
 .debug_abbrev    0x001224         0x73 build/default/production/_ext/265861749/FastTrigo.o
 .debug_abbrev    0x001297         0x8a build/default/production/_ext/265861749/PRNG.o
 .debug_abbrev    0x001321         0x96 build/default/production/_ext/2037729719/Main.o
 .debug_abbrev    0x0013b7        0x290 build/default/production/_ext/2037729719/BSP.o
 .debug_abbrev    0x001647         0x44 build/default/production/_ext/2037729719/Global.o
 .debug_abbrev    0x00168b         0xec build/default/production/_ext/2037729719/Config.o
 .debug_abbrev    0x001777         0x8f build/default/production/_ext/2037729719/Pendulum.o

.debug_line       0x000000       0x5ea0
 *(.debug_line)
 .debug_line      0x000000        0x33b build/default/production/_ext/907789942/KalmanFree.o
 .debug_line      0x00033b        0x22b build/default/production/_ext/907789942/CtrlJump.o
 .debug_line      0x000566        0x274 build/default/production/_ext/907789942/CtrlEquilibrium.o
 .debug_line      0x0007da        0x211 build/default/production/_ext/907789942/Trajectory.o
 .debug_line      0x0009eb        0x199 build/default/production/_ext/907789942/CtrlFall.o
 .debug_line      0x000b84        0x675 build/default/production/_ext/494984951/ADXL345.o
 .debug_line      0x0011f9        0x834 build/default/production/_ext/494984951/ISZ2510.o
 .debug_line      0x001a2d        0x1e1 build/default/production/_ext/906585600/Battery.o
 .debug_line      0x001c0e        0x643 build/default/production/_ext/906585600/Motor.o
 .debug_line      0x002251        0x192 build/default/production/_ext/265448488/TaskUartTx.o
 .debug_line      0x0023e3        0x649 build/default/production/_ext/265448488/TaskUartRx.o
 .debug_line      0x002a2c        0x501 build/default/production/_ext/265448488/TaskLED.o
 .debug_line      0x002f2d        0x670 build/default/production/_ext/265448488/TaskMain.o
 .debug_line      0x00359d        0x946 build/default/production/_ext/265448488/Controller.o
 .debug_line      0x003ee3        0x551 build/default/production/_ext/265861749/Matrix.o
 .debug_line      0x004434        0x44f build/default/production/_ext/265861749/Message.o
 .debug_line      0x004883        0x216 build/default/production/_ext/265861749/FastTrigo.o
 .debug_line      0x004a99        0x1c5 build/default/production/_ext/265861749/PRNG.o
 .debug_line      0x004c5e        0x10b build/default/production/_ext/2037729719/Main.o
 .debug_line      0x004d69        0xd89 build/default/production/_ext/2037729719/BSP.o
 .debug_line      0x005af2         0x51 build/default/production/_ext/2037729719/Global.o
 .debug_line      0x005b43        0x206 build/default/production/_ext/2037729719/Config.o
 .debug_line      0x005d49        0x157 build/default/production/_ext/2037729719/Pendulum.o

.debug_frame      0x000000        0xf2c
 *(.debug_frame)
 .debug_frame     0x000000         0x74 build/default/production/_ext/907789942/KalmanFree.o
 .debug_frame     0x000074         0x44 build/default/production/_ext/907789942/CtrlJump.o
 .debug_frame     0x0000b8         0x54 build/default/production/_ext/907789942/CtrlEquilibrium.o
 .debug_frame     0x00010c         0x80 build/default/production/_ext/907789942/Trajectory.o
 .debug_frame     0x00018c         0x34 build/default/production/_ext/907789942/CtrlFall.o
 .debug_frame     0x0001c0        0x134 build/default/production/_ext/494984951/ADXL345.o
 .debug_frame     0x0002f4        0x164 build/default/production/_ext/494984951/ISZ2510.o
 .debug_frame     0x000458         0x74 build/default/production/_ext/906585600/Battery.o
 .debug_frame     0x0004cc         0xe4 build/default/production/_ext/906585600/Motor.o
 .debug_frame     0x0005b0         0x64 build/default/production/_ext/265448488/TaskUartTx.o
 .debug_frame     0x000614         0x84 build/default/production/_ext/265448488/TaskUartRx.o
 .debug_frame     0x000698         0xe4 build/default/production/_ext/265448488/TaskLED.o
 .debug_frame     0x00077c         0xd4 build/default/production/_ext/265448488/TaskMain.o
 .debug_frame     0x000850        0x19c build/default/production/_ext/265448488/Controller.o
 .debug_frame     0x0009ec         0xf4 build/default/production/_ext/265861749/Matrix.o
 .debug_frame     0x000ae0         0xd4 build/default/production/_ext/265861749/Message.o
 .debug_frame     0x000bb4         0x74 build/default/production/_ext/265861749/FastTrigo.o
 .debug_frame     0x000c28         0x44 build/default/production/_ext/265861749/PRNG.o
 .debug_frame     0x000c6c         0x24 build/default/production/_ext/2037729719/Main.o
 .debug_frame     0x000c90        0x204 build/default/production/_ext/2037729719/BSP.o
 .debug_frame     0x000e94         0x64 build/default/production/_ext/2037729719/Config.o
 .debug_frame     0x000ef8         0x34 build/default/production/_ext/2037729719/Pendulum.o

.debug_str        0x000000        0x446
 *(.debug_str)
 .debug_str       0x000000          0xa build/default/production/_ext/907789942/CtrlJump.o
 .debug_str       0x00000a         0x14 build/default/production/_ext/907789942/CtrlEquilibrium.o
 .debug_str       0x00001e         0x26 build/default/production/_ext/907789942/Trajectory.o
 .debug_str       0x000044          0xf build/default/production/_ext/494984951/ADXL345.o
 .debug_str       0x000053         0x21 build/default/production/_ext/494984951/ISZ2510.o
 .debug_str       0x000074         0x1a build/default/production/_ext/906585600/Motor.o
 .debug_str       0x00008e         0x1a build/default/production/_ext/265448488/TaskUartTx.o
 .debug_str       0x0000a8          0x7 build/default/production/_ext/265448488/TaskUartRx.o
 .debug_str       0x0000af          0xa build/default/production/_ext/265448488/TaskLED.o
 .debug_str       0x0000b9         0x2e build/default/production/_ext/265448488/TaskMain.o
 .debug_str       0x0000e7         0x55 build/default/production/_ext/265448488/Controller.o
 .debug_str       0x00013c          0xb build/default/production/_ext/265861749/Message.o
 .debug_str       0x000147         0x2f build/default/production/_ext/2037729719/Main.o
 .debug_str       0x000176        0x2b3 build/default/production/_ext/2037729719/BSP.o
 .debug_str       0x000429         0x1d build/default/production/_ext/2037729719/Config.o

.debug_loc
 *(.debug_loc)

.debug_macinfo
 *(.debug_macinfo)

.debug_pubnames
                  0x000000        0xd30
 *(.debug_pubnames)
 .debug_pubnames
                  0x000000         0x6e build/default/production/_ext/907789942/KalmanFree.o
 .debug_pubnames
                  0x00006e         0x43 build/default/production/_ext/907789942/CtrlJump.o
 .debug_pubnames
                  0x0000b1         0x65 build/default/production/_ext/907789942/CtrlEquilibrium.o
 .debug_pubnames
                  0x000116         0x35 build/default/production/_ext/907789942/Trajectory.o
 .debug_pubnames
                  0x00014b         0x43 build/default/production/_ext/907789942/CtrlFall.o
 .debug_pubnames
                  0x00018e        0x154 build/default/production/_ext/494984951/ADXL345.o
 .debug_pubnames
                  0x0002e2        0x186 build/default/production/_ext/494984951/ISZ2510.o
 .debug_pubnames
                  0x000468         0x8f build/default/production/_ext/906585600/Battery.o
 .debug_pubnames
                  0x0004f7         0xd4 build/default/production/_ext/906585600/Motor.o
 .debug_pubnames
                  0x0005cb         0x8e build/default/production/_ext/265448488/TaskUartTx.o
 .debug_pubnames
                  0x000659         0x3a build/default/production/_ext/265448488/TaskUartRx.o
 .debug_pubnames
                  0x000693         0xab build/default/production/_ext/265448488/TaskLED.o
 .debug_pubnames
                  0x00073e         0x82 build/default/production/_ext/265448488/TaskMain.o
 .debug_pubnames
                  0x0007c0         0xd2 build/default/production/_ext/265448488/Controller.o
 .debug_pubnames
                  0x000892         0xb0 build/default/production/_ext/265861749/Matrix.o
 .debug_pubnames
                  0x000942         0x8d build/default/production/_ext/265861749/Message.o
 .debug_pubnames
                  0x0009cf         0x56 build/default/production/_ext/265861749/FastTrigo.o
 .debug_pubnames
                  0x000a25         0x3b build/default/production/_ext/265861749/PRNG.o
 .debug_pubnames
                  0x000a60         0x1b build/default/production/_ext/2037729719/Main.o
 .debug_pubnames
                  0x000a7b        0x1d2 build/default/production/_ext/2037729719/BSP.o
 .debug_pubnames
                  0x000c4d         0x82 build/default/production/_ext/2037729719/Global.o
 .debug_pubnames
                  0x000ccf         0x2f build/default/production/_ext/2037729719/Config.o
 .debug_pubnames
                  0x000cfe         0x32 build/default/production/_ext/2037729719/Pendulum.o

.debug_ranges
 *(.debug_ranges)

.debug_aranges    0x000000        0x210
 *(.debug_aranges)
 .debug_aranges
                  0x000000         0x18 build/default/production/_ext/907789942/KalmanFree.o
 .debug_aranges
                  0x000018         0x18 build/default/production/_ext/907789942/CtrlJump.o
 .debug_aranges
                  0x000030         0x18 build/default/production/_ext/907789942/CtrlEquilibrium.o
 .debug_aranges
                  0x000048         0x18 build/default/production/_ext/907789942/Trajectory.o
 .debug_aranges
                  0x000060         0x18 build/default/production/_ext/907789942/CtrlFall.o
 .debug_aranges
                  0x000078         0x18 build/default/production/_ext/494984951/ADXL345.o
 .debug_aranges
                  0x000090         0x18 build/default/production/_ext/494984951/ISZ2510.o
 .debug_aranges
                  0x0000a8         0x18 build/default/production/_ext/906585600/Battery.o
 .debug_aranges
                  0x0000c0         0x18 build/default/production/_ext/906585600/Motor.o
 .debug_aranges
                  0x0000d8         0x18 build/default/production/_ext/265448488/TaskUartTx.o
 .debug_aranges
                  0x0000f0         0x18 build/default/production/_ext/265448488/TaskUartRx.o
 .debug_aranges
                  0x000108         0x18 build/default/production/_ext/265448488/TaskLED.o
 .debug_aranges
                  0x000120         0x18 build/default/production/_ext/265448488/TaskMain.o
 .debug_aranges
                  0x000138         0x18 build/default/production/_ext/265448488/Controller.o
 .debug_aranges
                  0x000150         0x18 build/default/production/_ext/265861749/Matrix.o
 .debug_aranges
                  0x000168         0x18 build/default/production/_ext/265861749/Message.o
 .debug_aranges
                  0x000180         0x18 build/default/production/_ext/265861749/FastTrigo.o
 .debug_aranges
                  0x000198         0x18 build/default/production/_ext/265861749/PRNG.o
 .debug_aranges
                  0x0001b0         0x18 build/default/production/_ext/2037729719/Main.o
 .debug_aranges
                  0x0001c8         0x18 build/default/production/_ext/2037729719/BSP.o
 .debug_aranges
                  0x0001e0         0x18 build/default/production/_ext/2037729719/Config.o
 .debug_aranges
                  0x0001f8         0x18 build/default/production/_ext/2037729719/Pendulum.o

.ivt              0x000004        0x13e
                  0x000004          0x4 LONG 0x36a DEFINED (__OscillatorFail)?ABSOLUTE (__OscillatorFail):ABSOLUTE (__DefaultInterrupt)
                  0x000006          0x4 LONG 0x370 DEFINED (__AddressError)?ABSOLUTE (__AddressError):ABSOLUTE (__DefaultInterrupt)
                  0x000008          0x4 LONG 0x37c DEFINED (__HardTrapError)?ABSOLUTE (__HardTrapError):ABSOLUTE (__DefaultInterrupt)
                  0x00000a          0x4 LONG 0xbade DEFINED (__StackError)?ABSOLUTE (__StackError):ABSOLUTE (__DefaultInterrupt)
                  0x00000c          0x4 LONG 0x376 DEFINED (__MathError)?ABSOLUTE (__MathError):ABSOLUTE (__DefaultInterrupt)
                  0x00000e          0x4 LONG 0x37c DEFINED (__DMACError)?ABSOLUTE (__DMACError):ABSOLUTE (__DefaultInterrupt)
                  0x000010          0x4 LONG 0x37c DEFINED (__SoftTrapError)?ABSOLUTE (__SoftTrapError):ABSOLUTE (__DefaultInterrupt)
                  0x000012          0x4 LONG 0x37c DEFINED (__ReservedTrap7)?ABSOLUTE (__ReservedTrap7):ABSOLUTE (__DefaultInterrupt)
                  0x000014          0x4 LONG 0x37c DEFINED (__INT0Interrupt)?ABSOLUTE (__INT0Interrupt):ABSOLUTE (__DefaultInterrupt)
                  0x000016          0x4 LONG 0x37c DEFINED (__IC1Interrupt)?ABSOLUTE (__IC1Interrupt):ABSOLUTE (__DefaultInterrupt)
                  0x000018          0x4 LONG 0x37c DEFINED (__OC1Interrupt)?ABSOLUTE (__OC1Interrupt):ABSOLUTE (__DefaultInterrupt)
                  0x00001a          0x4 LONG 0x3cc DEFINED (__T1Interrupt)?ABSOLUTE (__T1Interrupt):ABSOLUTE (__DefaultInterrupt)
                  0x00001c          0x4 LONG 0x37c DEFINED (__DMA0Interrupt)?ABSOLUTE (__DMA0Interrupt):ABSOLUTE (__DefaultInterrupt)
                  0x00001e          0x4 LONG 0x37c DEFINED (__IC2Interrupt)?ABSOLUTE (__IC2Interrupt):ABSOLUTE (__DefaultInterrupt)
                  0x000020          0x4 LONG 0x37c DEFINED (__OC2Interrupt)?ABSOLUTE (__OC2Interrupt):ABSOLUTE (__DefaultInterrupt)
                  0x000022          0x4 LONG 0xbab0 DEFINED (__T2Interrupt)?ABSOLUTE (__T2Interrupt):ABSOLUTE (__DefaultInterrupt)
                  0x000024          0x4 LONG 0xda8 DEFINED (__T3Interrupt)?ABSOLUTE (__T3Interrupt):ABSOLUTE (__DefaultInterrupt)
                  0x000026          0x4 LONG 0xcc8 DEFINED (__SPI1ErrInterrupt)?ABSOLUTE (__SPI1ErrInterrupt):ABSOLUTE (__DefaultInterrupt)
                  0x000028          0x4 LONG 0xc5c DEFINED (__SPI1Interrupt)?ABSOLUTE (__SPI1Interrupt):ABSOLUTE (__DefaultInterrupt)
                  0x00002a          0x4 LONG 0xc1c DEFINED (__U1RXInterrupt)?ABSOLUTE (__U1RXInterrupt):ABSOLUTE (__DefaultInterrupt)
                  0x00002c          0x4 LONG 0xbdc DEFINED (__U1TXInterrupt)?ABSOLUTE (__U1TXInterrupt):ABSOLUTE (__DefaultInterrupt)
                  0x00002e          0x4 LONG 0x37c DEFINED (__AD1Interrupt)?ABSOLUTE (__AD1Interrupt):ABSOLUTE (__DefaultInterrupt)
                  0x000030          0x4 LONG 0x37c DEFINED (__DMA1Interrupt)?ABSOLUTE (__DMA1Interrupt):ABSOLUTE (__DefaultInterrupt)
                  0x000032          0x4 LONG 0x37c DEFINED (__Interrupt15)?ABSOLUTE (__Interrupt15):ABSOLUTE (__DefaultInterrupt)
                  0x000034          0x4 LONG 0x37c DEFINED (__SI2C1Interrupt)?ABSOLUTE (__SI2C1Interrupt):ABSOLUTE (__DefaultInterrupt)
                  0x000036          0x4 LONG 0x37c DEFINED (__MI2C1Interrupt)?ABSOLUTE (__MI2C1Interrupt):ABSOLUTE (__DefaultInterrupt)
                  0x000038          0x4 LONG 0x37c DEFINED (__CM1Interrupt)?ABSOLUTE (__CM1Interrupt):ABSOLUTE (__DefaultInterrupt)
                  0x00003a          0x4 LONG 0x380 DEFINED (__CNInterrupt)?ABSOLUTE (__CNInterrupt):ABSOLUTE (__DefaultInterrupt)
                  0x00003c          0x4 LONG 0x3aa DEFINED (__INT1Interrupt)?ABSOLUTE (__INT1Interrupt):ABSOLUTE (__DefaultInterrupt)
                  0x00003e          0x4 LONG 0x37c DEFINED (__Interrupt21)?ABSOLUTE (__Interrupt21):ABSOLUTE (__DefaultInterrupt)
                  0x000040          0x4 LONG 0x37c DEFINED (__Interrupt22)?ABSOLUTE (__Interrupt22):ABSOLUTE (__DefaultInterrupt)
                  0x000042          0x4 LONG 0x37c DEFINED (__Interrupt23)?ABSOLUTE (__Interrupt23):ABSOLUTE (__DefaultInterrupt)
                  0x000044          0x4 LONG 0x37c DEFINED (__DMA2Interrupt)?ABSOLUTE (__DMA2Interrupt):ABSOLUTE (__DefaultInterrupt)
                  0x000046          0x4 LONG 0x37c DEFINED (__OC3Interrupt)?ABSOLUTE (__OC3Interrupt):ABSOLUTE (__DefaultInterrupt)
                  0x000048          0x4 LONG 0x37c DEFINED (__OC4Interrupt)?ABSOLUTE (__OC4Interrupt):ABSOLUTE (__DefaultInterrupt)
                  0x00004a          0x4 LONG 0x37c DEFINED (__T4Interrupt)?ABSOLUTE (__T4Interrupt):ABSOLUTE (__DefaultInterrupt)
                  0x00004c          0x4 LONG 0x37c DEFINED (__T5Interrupt)?ABSOLUTE (__T5Interrupt):ABSOLUTE (__DefaultInterrupt)
                  0x00004e          0x4 LONG 0x3e2 DEFINED (__INT2Interrupt)?ABSOLUTE (__INT2Interrupt):ABSOLUTE (__DefaultInterrupt)
                  0x000050          0x4 LONG 0xc3c DEFINED (__U2RXInterrupt)?ABSOLUTE (__U2RXInterrupt):ABSOLUTE (__DefaultInterrupt)
                  0x000052          0x4 LONG 0xbfc DEFINED (__U2TXInterrupt)?ABSOLUTE (__U2TXInterrupt):ABSOLUTE (__DefaultInterrupt)
                  0x000054          0x4 LONG 0xcf4 DEFINED (__SPI2ErrInterrupt)?ABSOLUTE (__SPI2ErrInterrupt):ABSOLUTE (__DefaultInterrupt)
                  0x000056          0x4 LONG 0xc92 DEFINED (__SPI2Interrupt)?ABSOLUTE (__SPI2Interrupt):ABSOLUTE (__DefaultInterrupt)
                  0x000058          0x4 LONG 0x37c DEFINED (__Interrupt34)?ABSOLUTE (__Interrupt34):ABSOLUTE (__DefaultInterrupt)
                  0x00005a          0x4 LONG 0x37c DEFINED (__Interrupt35)?ABSOLUTE (__Interrupt35):ABSOLUTE (__DefaultInterrupt)
                  0x00005c          0x4 LONG 0x37c DEFINED (__DMA3Interrupt)?ABSOLUTE (__DMA3Interrupt):ABSOLUTE (__DefaultInterrupt)
                  0x00005e          0x4 LONG 0x37c DEFINED (__IC3Interrupt)?ABSOLUTE (__IC3Interrupt):ABSOLUTE (__DefaultInterrupt)
                  0x000060          0x4 LONG 0x37c DEFINED (__IC4Interrupt)?ABSOLUTE (__IC4Interrupt):ABSOLUTE (__DefaultInterrupt)
                  0x000062          0x4 LONG 0x37c DEFINED (__Interrupt39)?ABSOLUTE (__Interrupt39):ABSOLUTE (__DefaultInterrupt)
                  0x000064          0x4 LONG 0x37c DEFINED (__Interrupt40)?ABSOLUTE (__Interrupt40):ABSOLUTE (__DefaultInterrupt)
                  0x000066          0x4 LONG 0x37c DEFINED (__Interrupt41)?ABSOLUTE (__Interrupt41):ABSOLUTE (__DefaultInterrupt)
                  0x000068          0x4 LONG 0x37c DEFINED (__Interrupt42)?ABSOLUTE (__Interrupt42):ABSOLUTE (__DefaultInterrupt)
                  0x00006a          0x4 LONG 0x37c DEFINED (__Interrupt43)?ABSOLUTE (__Interrupt43):ABSOLUTE (__DefaultInterrupt)
                  0x00006c          0x4 LONG 0x37c DEFINED (__Interrupt44)?ABSOLUTE (__Interrupt44):ABSOLUTE (__DefaultInterrupt)
                  0x00006e          0x4 LONG 0x37c DEFINED (__Interrupt45)?ABSOLUTE (__Interrupt45):ABSOLUTE (__DefaultInterrupt)
                  0x000070          0x4 LONG 0x37c DEFINED (__Interrupt46)?ABSOLUTE (__Interrupt46):ABSOLUTE (__DefaultInterrupt)
                  0x000072          0x4 LONG 0x37c DEFINED (__Interrupt47)?ABSOLUTE (__Interrupt47):ABSOLUTE (__DefaultInterrupt)
                  0x000074          0x4 LONG 0x37c DEFINED (__Interrupt48)?ABSOLUTE (__Interrupt48):ABSOLUTE (__DefaultInterrupt)
                  0x000076          0x4 LONG 0x37c DEFINED (__SI2C2Interrupt)?ABSOLUTE (__SI2C2Interrupt):ABSOLUTE (__DefaultInterrupt)
                  0x000078          0x4 LONG 0x37c DEFINED (__MI2C2Interrupt)?ABSOLUTE (__MI2C2Interrupt):ABSOLUTE (__DefaultInterrupt)
                  0x00007a          0x4 LONG 0x37c DEFINED (__Interrupt51)?ABSOLUTE (__Interrupt51):ABSOLUTE (__DefaultInterrupt)
                  0x00007c          0x4 LONG 0x37c DEFINED (__Interrupt52)?ABSOLUTE (__Interrupt52):ABSOLUTE (__DefaultInterrupt)
                  0x00007e          0x4 LONG 0x37c DEFINED (__Interrupt53)?ABSOLUTE (__Interrupt53):ABSOLUTE (__DefaultInterrupt)
                  0x000080          0x4 LONG 0x37c DEFINED (__Interrupt54)?ABSOLUTE (__Interrupt54):ABSOLUTE (__DefaultInterrupt)
                  0x000082          0x4 LONG 0x37c DEFINED (__Interrupt55)?ABSOLUTE (__Interrupt55):ABSOLUTE (__DefaultInterrupt)
                  0x000084          0x4 LONG 0x37c DEFINED (__Interrupt56)?ABSOLUTE (__Interrupt56):ABSOLUTE (__DefaultInterrupt)
                  0x000086          0x4 LONG 0x37c DEFINED (__PWMSpEventMatchInterrupt)?ABSOLUTE (__PWMSpEventMatchInterrupt):ABSOLUTE (__DefaultInterrupt)
                  0x000088          0x4 LONG 0x37c DEFINED (__QEI1Interrupt)?ABSOLUTE (__QEI1Interrupt):ABSOLUTE (__DefaultInterrupt)
                  0x00008a          0x4 LONG 0x37c DEFINED (__Interrupt59)?ABSOLUTE (__Interrupt59):ABSOLUTE (__DefaultInterrupt)
                  0x00008c          0x4 LONG 0x37c DEFINED (__Interrupt60)?ABSOLUTE (__Interrupt60):ABSOLUTE (__DefaultInterrupt)
                  0x00008e          0x4 LONG 0x37c DEFINED (__Interrupt61)?ABSOLUTE (__Interrupt61):ABSOLUTE (__DefaultInterrupt)
                  0x000090          0x4 LONG 0x37c DEFINED (__Interrupt62)?ABSOLUTE (__Interrupt62):ABSOLUTE (__DefaultInterrupt)
                  0x000092          0x4 LONG 0x37c DEFINED (__Interrupt63)?ABSOLUTE (__Interrupt63):ABSOLUTE (__DefaultInterrupt)
                  0x000094          0x4 LONG 0x37c DEFINED (__Interrupt64)?ABSOLUTE (__Interrupt64):ABSOLUTE (__DefaultInterrupt)
                  0x000096          0x4 LONG 0x37c DEFINED (__U1ErrInterrupt)?ABSOLUTE (__U1ErrInterrupt):ABSOLUTE (__DefaultInterrupt)
                  0x000098          0x4 LONG 0x37c DEFINED (__U2ErrInterrupt)?ABSOLUTE (__U2ErrInterrupt):ABSOLUTE (__DefaultInterrupt)
                  0x00009a          0x4 LONG 0x37c DEFINED (__CRCInterrupt)?ABSOLUTE (__CRCInterrupt):ABSOLUTE (__DefaultInterrupt)
                  0x00009c          0x4 LONG 0x37c DEFINED (__Interrupt68)?ABSOLUTE (__Interrupt68):ABSOLUTE (__DefaultInterrupt)
                  0x00009e          0x4 LONG 0x37c DEFINED (__Interrupt69)?ABSOLUTE (__Interrupt69):ABSOLUTE (__DefaultInterrupt)
                  0x0000a0          0x4 LONG 0x37c DEFINED (__Interrupt70)?ABSOLUTE (__Interrupt70):ABSOLUTE (__DefaultInterrupt)
                  0x0000a2          0x4 LONG 0x37c DEFINED (__Interrupt71)?ABSOLUTE (__Interrupt71):ABSOLUTE (__DefaultInterrupt)
                  0x0000a4          0x4 LONG 0x37c DEFINED (__Interrupt72)?ABSOLUTE (__Interrupt72):ABSOLUTE (__DefaultInterrupt)
                  0x0000a6          0x4 LONG 0x37c DEFINED (__Interrupt73)?ABSOLUTE (__Interrupt73):ABSOLUTE (__DefaultInterrupt)
                  0x0000a8          0x4 LONG 0x37c DEFINED (__Interrupt74)?ABSOLUTE (__Interrupt74):ABSOLUTE (__DefaultInterrupt)
                  0x0000aa          0x4 LONG 0x37c DEFINED (__Interrupt75)?ABSOLUTE (__Interrupt75):ABSOLUTE (__DefaultInterrupt)
                  0x0000ac          0x4 LONG 0x37c DEFINED (__Interrupt76)?ABSOLUTE (__Interrupt76):ABSOLUTE (__DefaultInterrupt)
                  0x0000ae          0x4 LONG 0x37c DEFINED (__CTMUInterrupt)?ABSOLUTE (__CTMUInterrupt):ABSOLUTE (__DefaultInterrupt)
                  0x0000b0          0x4 LONG 0x37c DEFINED (__Interrupt78)?ABSOLUTE (__Interrupt78):ABSOLUTE (__DefaultInterrupt)
                  0x0000b2          0x4 LONG 0x37c DEFINED (__Interrupt79)?ABSOLUTE (__Interrupt79):ABSOLUTE (__DefaultInterrupt)
                  0x0000b4          0x4 LONG 0x37c DEFINED (__Interrupt80)?ABSOLUTE (__Interrupt80):ABSOLUTE (__DefaultInterrupt)
                  0x0000b6          0x4 LONG 0x37c DEFINED (__Interrupt81)?ABSOLUTE (__Interrupt81):ABSOLUTE (__DefaultInterrupt)
                  0x0000b8          0x4 LONG 0x37c DEFINED (__Interrupt82)?ABSOLUTE (__Interrupt82):ABSOLUTE (__DefaultInterrupt)
                  0x0000ba          0x4 LONG 0x37c DEFINED (__Interrupt83)?ABSOLUTE (__Interrupt83):ABSOLUTE (__DefaultInterrupt)
                  0x0000bc          0x4 LONG 0x37c DEFINED (__Interrupt84)?ABSOLUTE (__Interrupt84):ABSOLUTE (__DefaultInterrupt)
                  0x0000be          0x4 LONG 0x37c DEFINED (__Interrupt85)?ABSOLUTE (__Interrupt85):ABSOLUTE (__DefaultInterrupt)
                  0x0000c0          0x4 LONG 0x37c DEFINED (__Interrupt86)?ABSOLUTE (__Interrupt86):ABSOLUTE (__DefaultInterrupt)
                  0x0000c2          0x4 LONG 0x37c DEFINED (__Interrupt87)?ABSOLUTE (__Interrupt87):ABSOLUTE (__DefaultInterrupt)
                  0x0000c4          0x4 LONG 0x37c DEFINED (__Interrupt88)?ABSOLUTE (__Interrupt88):ABSOLUTE (__DefaultInterrupt)
                  0x0000c6          0x4 LONG 0x37c DEFINED (__Interrupt89)?ABSOLUTE (__Interrupt89):ABSOLUTE (__DefaultInterrupt)
                  0x0000c8          0x4 LONG 0x37c DEFINED (__Interrupt90)?ABSOLUTE (__Interrupt90):ABSOLUTE (__DefaultInterrupt)
                  0x0000ca          0x4 LONG 0x37c DEFINED (__Interrupt91)?ABSOLUTE (__Interrupt91):ABSOLUTE (__DefaultInterrupt)
                  0x0000cc          0x4 LONG 0x37c DEFINED (__Interrupt92)?ABSOLUTE (__Interrupt92):ABSOLUTE (__DefaultInterrupt)
                  0x0000ce          0x4 LONG 0x37c DEFINED (__Interrupt93)?ABSOLUTE (__Interrupt93):ABSOLUTE (__DefaultInterrupt)
                  0x0000d0          0x4 LONG 0x37c DEFINED (__PWM1Interrupt)?ABSOLUTE (__PWM1Interrupt):ABSOLUTE (__DefaultInterrupt)
                  0x0000d2          0x4 LONG 0x37c DEFINED (__PWM2Interrupt)?ABSOLUTE (__PWM2Interrupt):ABSOLUTE (__DefaultInterrupt)
                  0x0000d4          0x4 LONG 0x37c DEFINED (__PWM3Interrupt)?ABSOLUTE (__PWM3Interrupt):ABSOLUTE (__DefaultInterrupt)
                  0x0000d6          0x4 LONG 0x37c DEFINED (__Interrupt97)?ABSOLUTE (__Interrupt97):ABSOLUTE (__DefaultInterrupt)
                  0x0000d8          0x4 LONG 0x37c DEFINED (__Interrupt98)?ABSOLUTE (__Interrupt98):ABSOLUTE (__DefaultInterrupt)
                  0x0000da          0x4 LONG 0x37c DEFINED (__Interrupt99)?ABSOLUTE (__Interrupt99):ABSOLUTE (__DefaultInterrupt)
                  0x0000dc          0x4 LONG 0x37c DEFINED (__Interrupt100)?ABSOLUTE (__Interrupt100):ABSOLUTE (__DefaultInterrupt)
                  0x0000de          0x4 LONG 0x37c DEFINED (__Interrupt101)?ABSOLUTE (__Interrupt101):ABSOLUTE (__DefaultInterrupt)
                  0x0000e0          0x4 LONG 0x37c DEFINED (__Interrupt102)?ABSOLUTE (__Interrupt102):ABSOLUTE (__DefaultInterrupt)
                  0x0000e2          0x4 LONG 0x37c DEFINED (__Interrupt103)?ABSOLUTE (__Interrupt103):ABSOLUTE (__DefaultInterrupt)
                  0x0000e4          0x4 LONG 0x37c DEFINED (__Interrupt104)?ABSOLUTE (__Interrupt104):ABSOLUTE (__DefaultInterrupt)
                  0x0000e6          0x4 LONG 0x37c DEFINED (__Interrupt105)?ABSOLUTE (__Interrupt105):ABSOLUTE (__DefaultInterrupt)
                  0x0000e8          0x4 LONG 0x37c DEFINED (__Interrupt106)?ABSOLUTE (__Interrupt106):ABSOLUTE (__DefaultInterrupt)
                  0x0000ea          0x4 LONG 0x37c DEFINED (__Interrupt107)?ABSOLUTE (__Interrupt107):ABSOLUTE (__DefaultInterrupt)
                  0x0000ec          0x4 LONG 0x37c DEFINED (__Interrupt108)?ABSOLUTE (__Interrupt108):ABSOLUTE (__DefaultInterrupt)
                  0x0000ee          0x4 LONG 0x37c DEFINED (__Interrupt109)?ABSOLUTE (__Interrupt109):ABSOLUTE (__DefaultInterrupt)
                  0x0000f0          0x4 LONG 0x37c DEFINED (__Interrupt110)?ABSOLUTE (__Interrupt110):ABSOLUTE (__DefaultInterrupt)
                  0x0000f2          0x4 LONG 0x37c DEFINED (__Interrupt111)?ABSOLUTE (__Interrupt111):ABSOLUTE (__DefaultInterrupt)
                  0x0000f4          0x4 LONG 0x37c DEFINED (__Interrupt112)?ABSOLUTE (__Interrupt112):ABSOLUTE (__DefaultInterrupt)
                  0x0000f6          0x4 LONG 0x37c DEFINED (__Interrupt113)?ABSOLUTE (__Interrupt113):ABSOLUTE (__DefaultInterrupt)
                  0x0000f8          0x4 LONG 0x37c DEFINED (__Interrupt114)?ABSOLUTE (__Interrupt114):ABSOLUTE (__DefaultInterrupt)
                  0x0000fa          0x4 LONG 0x37c DEFINED (__Interrupt115)?ABSOLUTE (__Interrupt115):ABSOLUTE (__DefaultInterrupt)
                  0x0000fc          0x4 LONG 0x37c DEFINED (__Interrupt116)?ABSOLUTE (__Interrupt116):ABSOLUTE (__DefaultInterrupt)
                  0x0000fe          0x4 LONG 0x37c DEFINED (__Interrupt117)?ABSOLUTE (__Interrupt117):ABSOLUTE (__DefaultInterrupt)
                  0x000100          0x4 LONG 0x37c DEFINED (__Interrupt118)?ABSOLUTE (__Interrupt118):ABSOLUTE (__DefaultInterrupt)
                  0x000102          0x4 LONG 0x37c DEFINED (__Interrupt119)?ABSOLUTE (__Interrupt119):ABSOLUTE (__DefaultInterrupt)
                  0x000104          0x4 LONG 0x37c DEFINED (__Interrupt120)?ABSOLUTE (__Interrupt120):ABSOLUTE (__DefaultInterrupt)
                  0x000106          0x4 LONG 0x37c DEFINED (__Interrupt121)?ABSOLUTE (__Interrupt121):ABSOLUTE (__DefaultInterrupt)
                  0x000108          0x4 LONG 0x37c DEFINED (__Interrupt122)?ABSOLUTE (__Interrupt122):ABSOLUTE (__DefaultInterrupt)
                  0x00010a          0x4 LONG 0x37c DEFINED (__Interrupt123)?ABSOLUTE (__Interrupt123):ABSOLUTE (__DefaultInterrupt)
                  0x00010c          0x4 LONG 0x37c DEFINED (__Interrupt124)?ABSOLUTE (__Interrupt124):ABSOLUTE (__DefaultInterrupt)
                  0x00010e          0x4 LONG 0x37c DEFINED (__Interrupt125)?ABSOLUTE (__Interrupt125):ABSOLUTE (__DefaultInterrupt)
                  0x000110          0x4 LONG 0x37c DEFINED (__Interrupt126)?ABSOLUTE (__Interrupt126):ABSOLUTE (__DefaultInterrupt)
                  0x000112          0x4 LONG 0x37c DEFINED (__Interrupt127)?ABSOLUTE (__Interrupt127):ABSOLUTE (__DefaultInterrupt)
                  0x000114          0x4 LONG 0x37c DEFINED (__Interrupt128)?ABSOLUTE (__Interrupt128):ABSOLUTE (__DefaultInterrupt)
                  0x000116          0x4 LONG 0x37c DEFINED (__Interrupt129)?ABSOLUTE (__Interrupt129):ABSOLUTE (__DefaultInterrupt)
                  0x000118          0x4 LONG 0x37c DEFINED (__Interrupt130)?ABSOLUTE (__Interrupt130):ABSOLUTE (__DefaultInterrupt)
                  0x00011a          0x4 LONG 0x37c DEFINED (__Interrupt131)?ABSOLUTE (__Interrupt131):ABSOLUTE (__DefaultInterrupt)
                  0x00011c          0x4 LONG 0x37c DEFINED (__Interrupt132)?ABSOLUTE (__Interrupt132):ABSOLUTE (__DefaultInterrupt)
                  0x00011e          0x4 LONG 0x37c DEFINED (__Interrupt133)?ABSOLUTE (__Interrupt133):ABSOLUTE (__DefaultInterrupt)
                  0x000120          0x4 LONG 0x37c DEFINED (__Interrupt134)?ABSOLUTE (__Interrupt134):ABSOLUTE (__DefaultInterrupt)
                  0x000122          0x4 LONG 0x37c DEFINED (__Interrupt135)?ABSOLUTE (__Interrupt135):ABSOLUTE (__DefaultInterrupt)
                  0x000124          0x4 LONG 0x37c DEFINED (__Interrupt136)?ABSOLUTE (__Interrupt136):ABSOLUTE (__DefaultInterrupt)
                  0x000126          0x4 LONG 0x37c DEFINED (__Interrupt137)?ABSOLUTE (__Interrupt137):ABSOLUTE (__DefaultInterrupt)
                  0x000128          0x4 LONG 0x37c DEFINED (__Interrupt138)?ABSOLUTE (__Interrupt138):ABSOLUTE (__DefaultInterrupt)
                  0x00012a          0x4 LONG 0x37c DEFINED (__Interrupt139)?ABSOLUTE (__Interrupt139):ABSOLUTE (__DefaultInterrupt)
                  0x00012c          0x4 LONG 0x37c DEFINED (__Interrupt140)?ABSOLUTE (__Interrupt140):ABSOLUTE (__DefaultInterrupt)
                  0x00012e          0x4 LONG 0x37c DEFINED (__Interrupt141)?ABSOLUTE (__Interrupt141):ABSOLUTE (__DefaultInterrupt)
                  0x000130          0x4 LONG 0x37c DEFINED (__ICDInterrupt)?ABSOLUTE (__ICDInterrupt):ABSOLUTE (__DefaultInterrupt)
                  0x000132          0x4 LONG 0x37c DEFINED (__JTAGInterrupt)?ABSOLUTE (__JTAGInterrupt):ABSOLUTE (__DefaultInterrupt)
                  0x000134          0x4 LONG 0x37c DEFINED (__Interrupt144)?ABSOLUTE (__Interrupt144):ABSOLUTE (__DefaultInterrupt)
                  0x000136          0x4 LONG 0x37c DEFINED (__PTGSTEPInterrupt)?ABSOLUTE (__PTGSTEPInterrupt):ABSOLUTE (__DefaultInterrupt)
                  0x000138          0x4 LONG 0x37c DEFINED (__PTGWDTInterrupt)?ABSOLUTE (__PTGWDTInterrupt):ABSOLUTE (__DefaultInterrupt)
                  0x00013a          0x4 LONG 0x37c DEFINED (__PTG0Interrupt)?ABSOLUTE (__PTG0Interrupt):ABSOLUTE (__DefaultInterrupt)
                  0x00013c          0x4 LONG 0x37c DEFINED (__PTG1Interrupt)?ABSOLUTE (__PTG1Interrupt):ABSOLUTE (__DefaultInterrupt)
                  0x00013e          0x4 LONG 0x37c DEFINED (__PTG2Interrupt)?ABSOLUTE (__PTG2Interrupt):ABSOLUTE (__DefaultInterrupt)
                  0x000140          0x4 LONG 0x37c DEFINED (__PTG3Interrupt)?ABSOLUTE (__PTG3Interrupt):ABSOLUTE (__DefaultInterrupt)
                    0x0000                  WREG0 = 0x0
                    0x0000                  _WREG0 = 0x0
                    0x0002                  WREG1 = 0x2
                    0x0002                  _WREG1 = 0x2
                    0x0004                  WREG2 = 0x4
                    0x0004                  _WREG2 = 0x4
                    0x0006                  WREG3 = 0x6
                    0x0006                  _WREG3 = 0x6
                    0x0008                  WREG4 = 0x8
                    0x0008                  _WREG4 = 0x8
                    0x000a                  WREG5 = 0xa
                    0x000a                  _WREG5 = 0xa
                    0x000c                  WREG6 = 0xc
                    0x000c                  _WREG6 = 0xc
                    0x000e                  WREG7 = 0xe
                    0x000e                  _WREG7 = 0xe
                    0x0010                  WREG8 = 0x10
                    0x0010                  _WREG8 = 0x10
                    0x0012                  WREG9 = 0x12
                    0x0012                  _WREG9 = 0x12
                    0x0014                  WREG10 = 0x14
                    0x0014                  _WREG10 = 0x14
                    0x0016                  WREG11 = 0x16
                    0x0016                  _WREG11 = 0x16
                    0x0018                  WREG12 = 0x18
                    0x0018                  _WREG12 = 0x18
                    0x001a                  WREG13 = 0x1a
                    0x001a                  _WREG13 = 0x1a
                    0x001c                  WREG14 = 0x1c
                    0x001c                  _WREG14 = 0x1c
                    0x001e                  WREG15 = 0x1e
                    0x001e                  _WREG15 = 0x1e
                    0x0020                  SPLIM = 0x20
                    0x0020                  _SPLIM = 0x20
                    0x0022                  ACCAL = 0x22
                    0x0022                  _ACCAL = 0x22
                    0x0024                  ACCAH = 0x24
                    0x0024                  _ACCAH = 0x24
                    0x0026                  ACCAU = 0x26
                    0x0026                  _ACCAU = 0x26
                    0x0028                  ACCBL = 0x28
                    0x0028                  _ACCBL = 0x28
                    0x002a                  ACCBH = 0x2a
                    0x002a                  _ACCBH = 0x2a
                    0x002c                  ACCBU = 0x2c
                    0x002c                  _ACCBU = 0x2c
                    0x002e                  PCL = 0x2e
                    0x002e                  _PCL = 0x2e
                    0x0030                  PCH = 0x30
                    0x0030                  _PCH = 0x30
                    0x0032                  DSRPAG = 0x32
                    0x0032                  _DSRPAG = 0x32
                    0x0032                  _DSRPAGbits = 0x32
                    0x0034                  DSWPAG = 0x34
                    0x0034                  _DSWPAG = 0x34
                    0x0034                  _DSWPAGbits = 0x34
                    0x0036                  RCOUNT = 0x36
                    0x0036                  _RCOUNT = 0x36
                    0x0038                  DCOUNT = 0x38
                    0x0038                  _DCOUNT = 0x38
                    0x003a                  DOSTARTL = 0x3a
                    0x003a                  _DOSTARTL = 0x3a
                    0x003c                  DOSTARTH = 0x3c
                    0x003c                  _DOSTARTH = 0x3c
                    0x003e                  DOENDL = 0x3e
                    0x003e                  _DOENDL = 0x3e
                    0x0040                  DOENDH = 0x40
                    0x0040                  _DOENDH = 0x40
                    0x0042                  SR = 0x42
                    0x0042                  _SR = 0x42
                    0x0042                  _SRbits = 0x42
                    0x0044                  CORCON = 0x44
                    0x0044                  _CORCON = 0x44
                    0x0044                  _CORCONbits = 0x44
                    0x0046                  MODCON = 0x46
                    0x0046                  _MODCON = 0x46
                    0x0046                  _MODCONbits = 0x46
                    0x0048                  XMODSRT = 0x48
                    0x0048                  _XMODSRT = 0x48
                    0x004a                  XMODEND = 0x4a
                    0x004a                  _XMODEND = 0x4a
                    0x004c                  YMODSRT = 0x4c
                    0x004c                  _YMODSRT = 0x4c
                    0x004e                  YMODEND = 0x4e
                    0x004e                  _YMODEND = 0x4e
                    0x0050                  XBREV = 0x50
                    0x0050                  _XBREV = 0x50
                    0x0050                  _XBREVbits = 0x50
                    0x0052                  DISICNT = 0x52
                    0x0052                  _DISICNT = 0x52
                    0x0054                  TBLPAG = 0x54
                    0x0054                  _TBLPAG = 0x54
                    0x0054                  _TBLPAGbits = 0x54
                    0x0058                  MSTRPR = 0x58
                    0x0058                  _MSTRPR = 0x58
                    0x0100                  TMR1 = 0x100
                    0x0100                  _TMR1 = 0x100
                    0x0102                  PR1 = 0x102
                    0x0102                  _PR1 = 0x102
                    0x0104                  T1CON = 0x104
                    0x0104                  _T1CON = 0x104
                    0x0104                  _T1CONbits = 0x104
                    0x0106                  TMR2 = 0x106
                    0x0106                  _TMR2 = 0x106
                    0x0108                  TMR3HLD = 0x108
                    0x0108                  _TMR3HLD = 0x108
                    0x010a                  TMR3 = 0x10a
                    0x010a                  _TMR3 = 0x10a
                    0x010c                  PR2 = 0x10c
                    0x010c                  _PR2 = 0x10c
                    0x010e                  PR3 = 0x10e
                    0x010e                  _PR3 = 0x10e
                    0x0110                  T2CON = 0x110
                    0x0110                  _T2CON = 0x110
                    0x0110                  _T2CONbits = 0x110
                    0x0112                  T3CON = 0x112
                    0x0112                  _T3CON = 0x112
                    0x0112                  _T3CONbits = 0x112
                    0x0114                  TMR4 = 0x114
                    0x0114                  _TMR4 = 0x114
                    0x0116                  TMR5HLD = 0x116
                    0x0116                  _TMR5HLD = 0x116
                    0x0118                  TMR5 = 0x118
                    0x0118                  _TMR5 = 0x118
                    0x011a                  PR4 = 0x11a
                    0x011a                  _PR4 = 0x11a
                    0x011c                  PR5 = 0x11c
                    0x011c                  _PR5 = 0x11c
                    0x011e                  T4CON = 0x11e
                    0x011e                  _T4CON = 0x11e
                    0x011e                  _T4CONbits = 0x11e
                    0x0120                  T5CON = 0x120
                    0x0120                  _T5CON = 0x120
                    0x0120                  _T5CONbits = 0x120
                    0x0140                  IC1CON1 = 0x140
                    0x0140                  _IC1CON1 = 0x140
                    0x0140                  _IC1CON1bits = 0x140
                    0x0142                  IC1CON2 = 0x142
                    0x0142                  _IC1CON2 = 0x142
                    0x0142                  _IC1CON2bits = 0x142
                    0x0144                  IC1BUF = 0x144
                    0x0144                  _IC1BUF = 0x144
                    0x0146                  IC1TMR = 0x146
                    0x0146                  _IC1TMR = 0x146
                    0x0148                  IC2CON1 = 0x148
                    0x0148                  _IC2CON1 = 0x148
                    0x0148                  _IC2CON1bits = 0x148
                    0x014a                  IC2CON2 = 0x14a
                    0x014a                  _IC2CON2 = 0x14a
                    0x014a                  _IC2CON2bits = 0x14a
                    0x014c                  IC2BUF = 0x14c
                    0x014c                  _IC2BUF = 0x14c
                    0x014e                  IC2TMR = 0x14e
                    0x014e                  _IC2TMR = 0x14e
                    0x0150                  IC3CON1 = 0x150
                    0x0150                  _IC3CON1 = 0x150
                    0x0150                  _IC3CON1bits = 0x150
                    0x0152                  IC3CON2 = 0x152
                    0x0152                  _IC3CON2 = 0x152
                    0x0152                  _IC3CON2bits = 0x152
                    0x0154                  IC3BUF = 0x154
                    0x0154                  _IC3BUF = 0x154
                    0x0156                  IC3TMR = 0x156
                    0x0156                  _IC3TMR = 0x156
                    0x0158                  IC4CON1 = 0x158
                    0x0158                  _IC4CON1 = 0x158
                    0x0158                  _IC4CON1bits = 0x158
                    0x015a                  IC4CON2 = 0x15a
                    0x015a                  _IC4CON2 = 0x15a
                    0x015a                  _IC4CON2bits = 0x15a
                    0x015c                  IC4BUF = 0x15c
                    0x015c                  _IC4BUF = 0x15c
                    0x015e                  IC4TMR = 0x15e
                    0x015e                  _IC4TMR = 0x15e
                    0x01c0                  QEI1CON = 0x1c0
                    0x01c0                  _QEI1CON = 0x1c0
                    0x01c0                  _QEI1CONbits = 0x1c0
                    0x01c2                  QEI1IOC = 0x1c2
                    0x01c2                  _QEI1IOC = 0x1c2
                    0x01c2                  _QEI1IOCbits = 0x1c2
                    0x01c4                  QEI1STAT = 0x1c4
                    0x01c4                  _QEI1STAT = 0x1c4
                    0x01c4                  _QEI1STATbits = 0x1c4
                    0x01c6                  POS1CNTL = 0x1c6
                    0x01c6                  _POS1CNTL = 0x1c6
                    0x01c8                  POS1CNTH = 0x1c8
                    0x01c8                  _POS1CNTH = 0x1c8
                    0x01ca                  POS1HLD = 0x1ca
                    0x01ca                  _POS1HLD = 0x1ca
                    0x01cc                  VEL1CNT = 0x1cc
                    0x01cc                  _VEL1CNT = 0x1cc
                    0x01ce                  INT1TMRL = 0x1ce
                    0x01ce                  _INT1TMRL = 0x1ce
                    0x01d0                  INT1TMRH = 0x1d0
                    0x01d0                  _INT1TMRH = 0x1d0
                    0x01d2                  INT1HLDL = 0x1d2
                    0x01d2                  _INT1HLDL = 0x1d2
                    0x01d4                  INT1HLDH = 0x1d4
                    0x01d4                  _INT1HLDH = 0x1d4
                    0x01d6                  INDX1CNTL = 0x1d6
                    0x01d6                  _INDX1CNTL = 0x1d6
                    0x01d8                  INDX1CNTH = 0x1d8
                    0x01d8                  _INDX1CNTH = 0x1d8
                    0x01da                  INDX1HLD = 0x1da
                    0x01da                  _INDX1HLD = 0x1da
                    0x01dc                  QEI1GECL = 0x1dc
                    0x01dc                  _QEI1GECL = 0x1dc
                    0x01dc                  QEI1ICL = 0x1dc
                    0x01dc                  _QEI1ICL = 0x1dc
                    0x01de                  QEI1GECH = 0x1de
                    0x01de                  _QEI1GECH = 0x1de
                    0x01de                  QEI1ICH = 0x1de
                    0x01de                  _QEI1ICH = 0x1de
                    0x01e0                  QEI1LECL = 0x1e0
                    0x01e0                  _QEI1LECL = 0x1e0
                    0x01e2                  QEI1LECH = 0x1e2
                    0x01e2                  _QEI1LECH = 0x1e2
                    0x0200                  I2C1RCV = 0x200
                    0x0200                  _I2C1RCV = 0x200
                    0x0202                  I2C1TRN = 0x202
                    0x0202                  _I2C1TRN = 0x202
                    0x0204                  I2C1BRG = 0x204
                    0x0204                  _I2C1BRG = 0x204
                    0x0206                  I2C1CON = 0x206
                    0x0206                  _I2C1CON = 0x206
                    0x0206                  _I2C1CONbits = 0x206
                    0x0208                  I2C1STAT = 0x208
                    0x0208                  _I2C1STAT = 0x208
                    0x0208                  _I2C1STATbits = 0x208
                    0x020a                  I2C1ADD = 0x20a
                    0x020a                  _I2C1ADD = 0x20a
                    0x020c                  I2C1MSK = 0x20c
                    0x020c                  _I2C1MSK = 0x20c
                    0x0210                  I2C2RCV = 0x210
                    0x0210                  _I2C2RCV = 0x210
                    0x0212                  I2C2TRN = 0x212
                    0x0212                  _I2C2TRN = 0x212
                    0x0214                  I2C2BRG = 0x214
                    0x0214                  _I2C2BRG = 0x214
                    0x0216                  I2C2CON = 0x216
                    0x0216                  _I2C2CON = 0x216
                    0x0216                  _I2C2CONbits = 0x216
                    0x0218                  I2C2STAT = 0x218
                    0x0218                  _I2C2STAT = 0x218
                    0x0218                  _I2C2STATbits = 0x218
                    0x021a                  I2C2ADD = 0x21a
                    0x021a                  _I2C2ADD = 0x21a
                    0x021c                  I2C2MSK = 0x21c
                    0x021c                  _I2C2MSK = 0x21c
                    0x0220                  U1MODE = 0x220
                    0x0220                  _U1MODE = 0x220
                    0x0220                  _U1MODEbits = 0x220
                    0x0222                  U1STA = 0x222
                    0x0222                  _U1STA = 0x222
                    0x0222                  _U1STAbits = 0x222
                    0x0224                  U1TXREG = 0x224
                    0x0224                  _U1TXREG = 0x224
                    0x0226                  U1RXREG = 0x226
                    0x0226                  _U1RXREG = 0x226
                    0x0228                  U1BRG = 0x228
                    0x0228                  _U1BRG = 0x228
                    0x0230                  U2MODE = 0x230
                    0x0230                  _U2MODE = 0x230
                    0x0230                  _U2MODEbits = 0x230
                    0x0232                  U2STA = 0x232
                    0x0232                  _U2STA = 0x232
                    0x0232                  _U2STAbits = 0x232
                    0x0234                  U2TXREG = 0x234
                    0x0234                  _U2TXREG = 0x234
                    0x0236                  U2RXREG = 0x236
                    0x0236                  _U2RXREG = 0x236
                    0x0238                  U2BRG = 0x238
                    0x0238                  _U2BRG = 0x238
                    0x0240                  SPI1STAT = 0x240
                    0x0240                  _SPI1STAT = 0x240
                    0x0240                  _SPI1STATbits = 0x240
                    0x0242                  SPI1CON1 = 0x242
                    0x0242                  _SPI1CON1 = 0x242
                    0x0242                  _SPI1CON1bits = 0x242
                    0x0244                  SPI1CON2 = 0x244
                    0x0244                  _SPI1CON2 = 0x244
                    0x0244                  _SPI1CON2bits = 0x244
                    0x0248                  SPI1BUF = 0x248
                    0x0248                  _SPI1BUF = 0x248
                    0x0260                  SPI2STAT = 0x260
                    0x0260                  _SPI2STAT = 0x260
                    0x0260                  _SPI2STATbits = 0x260
                    0x0262                  SPI2CON1 = 0x262
                    0x0262                  _SPI2CON1 = 0x262
                    0x0262                  _SPI2CON1bits = 0x262
                    0x0264                  SPI2CON2 = 0x264
                    0x0264                  _SPI2CON2 = 0x264
                    0x0264                  _SPI2CON2bits = 0x264
                    0x0268                  SPI2BUF = 0x268
                    0x0268                  _SPI2BUF = 0x268
                    0x0300                  ADC1BUF0 = 0x300
                    0x0300                  _ADC1BUF0 = 0x300
                    0x0302                  ADC1BUF1 = 0x302
                    0x0302                  _ADC1BUF1 = 0x302
                    0x0304                  ADC1BUF2 = 0x304
                    0x0304                  _ADC1BUF2 = 0x304
                    0x0306                  ADC1BUF3 = 0x306
                    0x0306                  _ADC1BUF3 = 0x306
                    0x0308                  ADC1BUF4 = 0x308
                    0x0308                  _ADC1BUF4 = 0x308
                    0x030a                  ADC1BUF5 = 0x30a
                    0x030a                  _ADC1BUF5 = 0x30a
                    0x030c                  ADC1BUF6 = 0x30c
                    0x030c                  _ADC1BUF6 = 0x30c
                    0x030e                  ADC1BUF7 = 0x30e
                    0x030e                  _ADC1BUF7 = 0x30e
                    0x0310                  ADC1BUF8 = 0x310
                    0x0310                  _ADC1BUF8 = 0x310
                    0x0312                  ADC1BUF9 = 0x312
                    0x0312                  _ADC1BUF9 = 0x312
                    0x0314                  ADC1BUFA = 0x314
                    0x0314                  _ADC1BUFA = 0x314
                    0x0316                  ADC1BUFB = 0x316
                    0x0316                  _ADC1BUFB = 0x316
                    0x0318                  ADC1BUFC = 0x318
                    0x0318                  _ADC1BUFC = 0x318
                    0x031a                  ADC1BUFD = 0x31a
                    0x031a                  _ADC1BUFD = 0x31a
                    0x031c                  ADC1BUFE = 0x31c
                    0x031c                  _ADC1BUFE = 0x31c
                    0x031e                  ADC1BUFF = 0x31e
                    0x031e                  _ADC1BUFF = 0x31e
                    0x0320                  AD1CON1 = 0x320
                    0x0320                  _AD1CON1 = 0x320
                    0x0320                  _AD1CON1bits = 0x320
                    0x0322                  AD1CON2 = 0x322
                    0x0322                  _AD1CON2 = 0x322
                    0x0322                  _AD1CON2bits = 0x322
                    0x0324                  AD1CON3 = 0x324
                    0x0324                  _AD1CON3 = 0x324
                    0x0324                  _AD1CON3bits = 0x324
                    0x0326                  AD1CHS123 = 0x326
                    0x0326                  _AD1CHS123 = 0x326
                    0x0326                  _AD1CHS123bits = 0x326
                    0x0328                  AD1CHS0 = 0x328
                    0x0328                  _AD1CHS0 = 0x328
                    0x0328                  _AD1CHS0bits = 0x328
                    0x032e                  AD1CSSH = 0x32e
                    0x032e                  _AD1CSSH = 0x32e
                    0x032e                  _AD1CSSHbits = 0x32e
                    0x0330                  AD1CSSL = 0x330
                    0x0330                  _AD1CSSL = 0x330
                    0x0330                  _AD1CSSLbits = 0x330
                    0x0332                  AD1CON4 = 0x332
                    0x0332                  _AD1CON4 = 0x332
                    0x0332                  _AD1CON4bits = 0x332
                    0x033a                  CTMUCON1 = 0x33a
                    0x033a                  _CTMUCON1 = 0x33a
                    0x033a                  _CTMUCON1bits = 0x33a
                    0x033c                  CTMUCON2 = 0x33c
                    0x033c                  _CTMUCON2 = 0x33c
                    0x033c                  _CTMUCON2bits = 0x33c
                    0x033e                  CTMUICON = 0x33e
                    0x033e                  _CTMUICON = 0x33e
                    0x033e                  _CTMUICONbits = 0x33e
                    0x0640                  CRCCON1 = 0x640
                    0x0640                  _CRCCON1 = 0x640
                    0x0640                  _CRCCON1bits = 0x640
                    0x0642                  CRCCON2 = 0x642
                    0x0642                  _CRCCON2 = 0x642
                    0x0642                  _CRCCON2bits = 0x642
                    0x0644                  CRCXORL = 0x644
                    0x0644                  _CRCXORL = 0x644
                    0x0644                  _CRCXORLbits = 0x644
                    0x0646                  CRCXORH = 0x646
                    0x0646                  _CRCXORH = 0x646
                    0x0646                  _CRCXORHbits = 0x646
                    0x0648                  CRCDAT = 0x648
                    0x0648                  _CRCDAT = 0x648
                    0x0648                  CRCDATL = 0x648
                    0x0648                  _CRCDATL = 0x648
                    0x064a                  CRCDATH = 0x64a
                    0x064a                  _CRCDATH = 0x64a
                    0x064c                  CRCWDAT = 0x64c
                    0x064c                  _CRCWDAT = 0x64c
                    0x064c                  CRCWDATL = 0x64c
                    0x064c                  _CRCWDATL = 0x64c
                    0x064e                  CRCWDATH = 0x64e
                    0x064e                  _CRCWDATH = 0x64e
                    0x0680                  RPOR0 = 0x680
                    0x0680                  _RPOR0 = 0x680
                    0x0680                  _RPOR0bits = 0x680
                    0x0682                  RPOR1 = 0x682
                    0x0682                  _RPOR1 = 0x682
                    0x0682                  _RPOR1bits = 0x682
                    0x0684                  RPOR2 = 0x684
                    0x0684                  _RPOR2 = 0x684
                    0x0684                  _RPOR2bits = 0x684
                    0x0686                  RPOR3 = 0x686
                    0x0686                  _RPOR3 = 0x686
                    0x0686                  _RPOR3bits = 0x686
                    0x0688                  RPOR4 = 0x688
                    0x0688                  _RPOR4 = 0x688
                    0x0688                  _RPOR4bits = 0x688
                    0x06a0                  RPINR0 = 0x6a0
                    0x06a0                  _RPINR0 = 0x6a0
                    0x06a0                  _RPINR0bits = 0x6a0
                    0x06a2                  RPINR1 = 0x6a2
                    0x06a2                  _RPINR1 = 0x6a2
                    0x06a2                  _RPINR1bits = 0x6a2
                    0x06a6                  RPINR3 = 0x6a6
                    0x06a6                  _RPINR3 = 0x6a6
                    0x06a6                  _RPINR3bits = 0x6a6
                    0x06ae                  RPINR7 = 0x6ae
                    0x06ae                  _RPINR7 = 0x6ae
                    0x06ae                  _RPINR7bits = 0x6ae
                    0x06b0                  RPINR8 = 0x6b0
                    0x06b0                  _RPINR8 = 0x6b0
                    0x06b0                  _RPINR8bits = 0x6b0
                    0x06b6                  RPINR11 = 0x6b6
                    0x06b6                  _RPINR11 = 0x6b6
                    0x06b6                  _RPINR11bits = 0x6b6
                    0x06b8                  RPINR12 = 0x6b8
                    0x06b8                  _RPINR12 = 0x6b8
                    0x06b8                  _RPINR12bits = 0x6b8
                    0x06bc                  RPINR14 = 0x6bc
                    0x06bc                  _RPINR14 = 0x6bc
                    0x06bc                  _RPINR14bits = 0x6bc
                    0x06be                  RPINR15 = 0x6be
                    0x06be                  _RPINR15 = 0x6be
                    0x06be                  _RPINR15bits = 0x6be
                    0x06c4                  RPINR18 = 0x6c4
                    0x06c4                  _RPINR18 = 0x6c4
                    0x06c4                  _RPINR18bits = 0x6c4
                    0x06c6                  RPINR19 = 0x6c6
                    0x06c6                  _RPINR19 = 0x6c6
                    0x06c6                  _RPINR19bits = 0x6c6
                    0x06cc                  RPINR22 = 0x6cc
                    0x06cc                  _RPINR22 = 0x6cc
                    0x06cc                  _RPINR22bits = 0x6cc
                    0x06ce                  RPINR23 = 0x6ce
                    0x06ce                  _RPINR23 = 0x6ce
                    0x06ce                  _RPINR23bits = 0x6ce
                    0x06d4                  RPINR26 = 0x6d4
                    0x06d4                  _RPINR26 = 0x6d4
                    0x06d4                  _RPINR26bits = 0x6d4
                    0x06ea                  RPINR37 = 0x6ea
                    0x06ea                  _RPINR37 = 0x6ea
                    0x06ea                  _RPINR37bits = 0x6ea
                    0x06ec                  RPINR38 = 0x6ec
                    0x06ec                  _RPINR38 = 0x6ec
                    0x06ec                  _RPINR38bits = 0x6ec
                    0x06ee                  RPINR39 = 0x6ee
                    0x06ee                  _RPINR39 = 0x6ee
                    0x06ee                  _RPINR39bits = 0x6ee
                    0x0728                  NVMCON = 0x728
                    0x0728                  _NVMCON = 0x728
                    0x0728                  _NVMCONbits = 0x728
                    0x072a                  NVMADR = 0x72a
                    0x072a                  _NVMADR = 0x72a
                    0x072c                  NVMADRU = 0x72c
                    0x072c                  _NVMADRU = 0x72c
                    0x072c                  _NVMADRUbits = 0x72c
                    0x072e                  NVMKEY = 0x72e
                    0x072e                  _NVMKEY = 0x72e
                    0x0740                  RCON = 0x740
                    0x0740                  _RCON = 0x740
                    0x0740                  _RCONbits = 0x740
                    0x0742                  OSCCON = 0x742
                    0x0742                  _OSCCON = 0x742
                    0x0742                  _OSCCONbits = 0x742
                    0x0742                  OSCCONL = 0x742
                    0x0742                  _OSCCONL = 0x742
                    0x0743                  OSCCONH = 0x743
                    0x0743                  _OSCCONH = 0x743
                    0x0744                  CLKDIV = 0x744
                    0x0744                  _CLKDIV = 0x744
                    0x0744                  _CLKDIVbits = 0x744
                    0x0746                  PLLFBD = 0x746
                    0x0746                  _PLLFBD = 0x746
                    0x0746                  _PLLFBDbits = 0x746
                    0x0748                  OSCTUN = 0x748
                    0x0748                  _OSCTUN = 0x748
                    0x0748                  _OSCTUNbits = 0x748
                    0x074e                  REFOCON = 0x74e
                    0x074e                  _REFOCON = 0x74e
                    0x074e                  _REFOCONbits = 0x74e
                    0x0760                  PMD1 = 0x760
                    0x0760                  _PMD1 = 0x760
                    0x0760                  _PMD1bits = 0x760
                    0x0762                  PMD2 = 0x762
                    0x0762                  _PMD2 = 0x762
                    0x0762                  _PMD2bits = 0x762
                    0x0764                  PMD3 = 0x764
                    0x0764                  _PMD3 = 0x764
                    0x0764                  _PMD3bits = 0x764
                    0x0766                  PMD4 = 0x766
                    0x0766                  _PMD4 = 0x766
                    0x0766                  _PMD4bits = 0x766
                    0x076a                  PMD6 = 0x76a
                    0x076a                  _PMD6 = 0x76a
                    0x076a                  _PMD6bits = 0x76a
                    0x076c                  PMD7 = 0x76c
                    0x076c                  _PMD7 = 0x76c
                    0x076c                  _PMD7bits = 0x76c
                    0x0800                  IFS0 = 0x800
                    0x0800                  _IFS0 = 0x800
                    0x0800                  _IFS0bits = 0x800
                    0x0802                  IFS1 = 0x802
                    0x0802                  _IFS1 = 0x802
                    0x0802                  _IFS1bits = 0x802
                    0x0804                  IFS2 = 0x804
                    0x0804                  _IFS2 = 0x804
                    0x0804                  _IFS2bits = 0x804
                    0x0806                  IFS3 = 0x806
                    0x0806                  _IFS3 = 0x806
                    0x0806                  _IFS3bits = 0x806
                    0x0808                  IFS4 = 0x808
                    0x0808                  _IFS4 = 0x808
                    0x0808                  _IFS4bits = 0x808
                    0x080a                  IFS5 = 0x80a
                    0x080a                  _IFS5 = 0x80a
                    0x080a                  _IFS5bits = 0x80a
                    0x080c                  IFS6 = 0x80c
                    0x080c                  _IFS6 = 0x80c
                    0x080c                  _IFS6bits = 0x80c
                    0x0810                  IFS8 = 0x810
                    0x0810                  _IFS8 = 0x810
                    0x0810                  _IFS8bits = 0x810
                    0x0812                  IFS9 = 0x812
                    0x0812                  _IFS9 = 0x812
                    0x0812                  _IFS9bits = 0x812
                    0x0820                  IEC0 = 0x820
                    0x0820                  _IEC0 = 0x820
                    0x0820                  _IEC0bits = 0x820
                    0x0822                  IEC1 = 0x822
                    0x0822                  _IEC1 = 0x822
                    0x0822                  _IEC1bits = 0x822
                    0x0824                  IEC2 = 0x824
                    0x0824                  _IEC2 = 0x824
                    0x0824                  _IEC2bits = 0x824
                    0x0826                  IEC3 = 0x826
                    0x0826                  _IEC3 = 0x826
                    0x0826                  _IEC3bits = 0x826
                    0x0828                  IEC4 = 0x828
                    0x0828                  _IEC4 = 0x828
                    0x0828                  _IEC4bits = 0x828
                    0x082a                  IEC5 = 0x82a
                    0x082a                  _IEC5 = 0x82a
                    0x082a                  _IEC5bits = 0x82a
                    0x082c                  IEC6 = 0x82c
                    0x082c                  _IEC6 = 0x82c
                    0x082c                  _IEC6bits = 0x82c
                    0x0830                  IEC8 = 0x830
                    0x0830                  _IEC8 = 0x830
                    0x0830                  _IEC8bits = 0x830
                    0x0832                  IEC9 = 0x832
                    0x0832                  _IEC9 = 0x832
                    0x0832                  _IEC9bits = 0x832
                    0x0840                  IPC0 = 0x840
                    0x0840                  _IPC0 = 0x840
                    0x0840                  _IPC0bits = 0x840
                    0x0842                  IPC1 = 0x842
                    0x0842                  _IPC1 = 0x842
                    0x0842                  _IPC1bits = 0x842
                    0x0844                  IPC2 = 0x844
                    0x0844                  _IPC2 = 0x844
                    0x0844                  _IPC2bits = 0x844
                    0x0846                  IPC3 = 0x846
                    0x0846                  _IPC3 = 0x846
                    0x0846                  _IPC3bits = 0x846
                    0x0848                  IPC4 = 0x848
                    0x0848                  _IPC4 = 0x848
                    0x0848                  _IPC4bits = 0x848
                    0x084a                  IPC5 = 0x84a
                    0x084a                  _IPC5 = 0x84a
                    0x084a                  _IPC5bits = 0x84a
                    0x084c                  IPC6 = 0x84c
                    0x084c                  _IPC6 = 0x84c
                    0x084c                  _IPC6bits = 0x84c
                    0x084e                  IPC7 = 0x84e
                    0x084e                  _IPC7 = 0x84e
                    0x084e                  _IPC7bits = 0x84e
                    0x0850                  IPC8 = 0x850
                    0x0850                  _IPC8 = 0x850
                    0x0850                  _IPC8bits = 0x850
                    0x0852                  IPC9 = 0x852
                    0x0852                  _IPC9 = 0x852
                    0x0852                  _IPC9bits = 0x852
                    0x0858                  IPC12 = 0x858
                    0x0858                  _IPC12 = 0x858
                    0x0858                  _IPC12bits = 0x858
                    0x085c                  IPC14 = 0x85c
                    0x085c                  _IPC14 = 0x85c
                    0x085c                  _IPC14bits = 0x85c
                    0x0860                  IPC16 = 0x860
                    0x0860                  _IPC16 = 0x860
                    0x0860                  _IPC16bits = 0x860
                    0x0866                  IPC19 = 0x866
                    0x0866                  _IPC19 = 0x866
                    0x0866                  _IPC19bits = 0x866
                    0x086e                  IPC23 = 0x86e
                    0x086e                  _IPC23 = 0x86e
                    0x086e                  _IPC23bits = 0x86e
                    0x0870                  IPC24 = 0x870
                    0x0870                  _IPC24 = 0x870
                    0x0870                  _IPC24bits = 0x870
                    0x0886                  IPC35 = 0x886
                    0x0886                  _IPC35 = 0x886
                    0x0886                  _IPC35bits = 0x886
                    0x0888                  IPC36 = 0x888
                    0x0888                  _IPC36 = 0x888
                    0x0888                  _IPC36bits = 0x888
                    0x088a                  IPC37 = 0x88a
                    0x088a                  _IPC37 = 0x88a
                    0x088a                  _IPC37bits = 0x88a
                    0x08c0                  INTCON1 = 0x8c0
                    0x08c0                  _INTCON1 = 0x8c0
                    0x08c0                  _INTCON1bits = 0x8c0
                    0x08c2                  INTCON2 = 0x8c2
                    0x08c2                  _INTCON2 = 0x8c2
                    0x08c2                  _INTCON2bits = 0x8c2
                    0x08c4                  INTCON3 = 0x8c4
                    0x08c4                  _INTCON3 = 0x8c4
                    0x08c4                  _INTCON3bits = 0x8c4
                    0x08c6                  INTCON4 = 0x8c6
                    0x08c6                  _INTCON4 = 0x8c6
                    0x08c6                  _INTCON4bits = 0x8c6
                    0x08c8                  INTTREG = 0x8c8
                    0x08c8                  _INTTREG = 0x8c8
                    0x08c8                  _INTTREGbits = 0x8c8
                    0x0900                  OC1CON1 = 0x900
                    0x0900                  _OC1CON1 = 0x900
                    0x0900                  _OC1CON1bits = 0x900
                    0x0902                  OC1CON2 = 0x902
                    0x0902                  _OC1CON2 = 0x902
                    0x0902                  _OC1CON2bits = 0x902
                    0x0904                  OC1RS = 0x904
                    0x0904                  _OC1RS = 0x904
                    0x0906                  OC1R = 0x906
                    0x0906                  _OC1R = 0x906
                    0x0908                  OC1TMR = 0x908
                    0x0908                  _OC1TMR = 0x908
                    0x090a                  OC2CON1 = 0x90a
                    0x090a                  _OC2CON1 = 0x90a
                    0x090a                  _OC2CON1bits = 0x90a
                    0x090c                  OC2CON2 = 0x90c
                    0x090c                  _OC2CON2 = 0x90c
                    0x090c                  _OC2CON2bits = 0x90c
                    0x090e                  OC2RS = 0x90e
                    0x090e                  _OC2RS = 0x90e
                    0x0910                  OC2R = 0x910
                    0x0910                  _OC2R = 0x910
                    0x0912                  OC2TMR = 0x912
                    0x0912                  _OC2TMR = 0x912
                    0x0914                  OC3CON1 = 0x914
                    0x0914                  _OC3CON1 = 0x914
                    0x0914                  _OC3CON1bits = 0x914
                    0x0916                  OC3CON2 = 0x916
                    0x0916                  _OC3CON2 = 0x916
                    0x0916                  _OC3CON2bits = 0x916
                    0x0918                  OC3RS = 0x918
                    0x0918                  _OC3RS = 0x918
                    0x091a                  OC3R = 0x91a
                    0x091a                  _OC3R = 0x91a
                    0x091c                  OC3TMR = 0x91c
                    0x091c                  _OC3TMR = 0x91c
                    0x091e                  OC4CON1 = 0x91e
                    0x091e                  _OC4CON1 = 0x91e
                    0x091e                  _OC4CON1bits = 0x91e
                    0x0920                  OC4CON2 = 0x920
                    0x0920                  _OC4CON2 = 0x920
                    0x0920                  _OC4CON2bits = 0x920
                    0x0922                  OC4RS = 0x922
                    0x0922                  _OC4RS = 0x922
                    0x0924                  OC4R = 0x924
                    0x0924                  _OC4R = 0x924
                    0x0926                  OC4TMR = 0x926
                    0x0926                  _OC4TMR = 0x926
                    0x0a80                  CMSTAT = 0xa80
                    0x0a80                  _CMSTAT = 0xa80
                    0x0a80                  _CMSTATbits = 0xa80
                    0x0a82                  CVRCON = 0xa82
                    0x0a82                  _CVRCON = 0xa82
                    0x0a82                  _CVRCONbits = 0xa82
                    0x0a84                  CM1CON = 0xa84
                    0x0a84                  _CM1CON = 0xa84
                    0x0a84                  _CM1CONbits = 0xa84
                    0x0a86                  CM1MSKSRC = 0xa86
                    0x0a86                  _CM1MSKSRC = 0xa86
                    0x0a86                  _CM1MSKSRCbits = 0xa86
                    0x0a88                  CM1MSKCON = 0xa88
                    0x0a88                  _CM1MSKCON = 0xa88
                    0x0a88                  _CM1MSKCONbits = 0xa88
                    0x0a8a                  CM1FLTR = 0xa8a
                    0x0a8a                  _CM1FLTR = 0xa8a
                    0x0a8a                  _CM1FLTRbits = 0xa8a
                    0x0a8c                  CM2CON = 0xa8c
                    0x0a8c                  _CM2CON = 0xa8c
                    0x0a8c                  _CM2CONbits = 0xa8c
                    0x0a8e                  CM2MSKSRC = 0xa8e
                    0x0a8e                  _CM2MSKSRC = 0xa8e
                    0x0a8e                  _CM2MSKSRCbits = 0xa8e
                    0x0a90                  CM2MSKCON = 0xa90
                    0x0a90                  _CM2MSKCON = 0xa90
                    0x0a90                  _CM2MSKCONbits = 0xa90
                    0x0a92                  CM2FLTR = 0xa92
                    0x0a92                  _CM2FLTR = 0xa92
                    0x0a92                  _CM2FLTRbits = 0xa92
                    0x0a94                  CM3CON = 0xa94
                    0x0a94                  _CM3CON = 0xa94
                    0x0a94                  _CM3CONbits = 0xa94
                    0x0a96                  CM3MSKSRC = 0xa96
                    0x0a96                  _CM3MSKSRC = 0xa96